<html>
<body>
<pre>
<h1>µVision Build Log</h1>
<h2>Tool Versions:</h2>
IDE-Version: ¦ÌVision V5.32.0.0
Copyright (C) 2020 ARM Ltd and ARM Germany GmbH. All rights reserved.
License Information: a Administrator, a, LIC=NQQMA-1NSTQ-BSUYX-HYH2V-A7NG4-73RSR
 
Tool Versions:
Toolchain:       MDK-ARM Plus  Version: 5.32.0.0
Toolchain Path:  E:\Keil5\ARM\ARMCC\Bin
C Compiler:      Armcc.exe V5.06 update 7 (build 960)
Assembler:       Armasm.exe V5.06 update 7 (build 960)
Linker/Locator:  ArmLink.exe V5.06 update 7 (build 960)
Library Manager: ArmAr.exe V5.06 update 7 (build 960)
Hex Converter:   FromElf.exe V5.06 update 7 (build 960)
CPU DLL:         SARMCM3.DLL V5.32.0.0
Dialog DLL:      DCM.DLL V1.17.3.0
Target DLL:      CMSIS_AGDI.dll V1.32.12.0
Dialog DLL:      TCM.DLL V1.46.0.0
 
<h2>Project:</h2>
c:\Users\Administrator.DESKTOP-IAACAVF\Desktop\demo\old_Infantry_Gimbal\FreeRTOS_infantry_gimbal_IT\MDK-ARM\FreeRTOS_infantry_gimbal_IT.uvprojx
Project File Date:  07/25/2024

<h2>Output:</h2>
*** Using Compiler 'V5.06 update 7 (build 960)', folder: 'E:\Keil5\ARM\ARMCC\Bin'
Build target 'FreeRTOS_infantry_gimbal_IT'
compiling app_vision.c...
..\Application\Src\app_vision.c(69): warning:  #550-D: variable "pitch_angle"  was set but never used
  	int16_t pitch_angle = 0;
..\Application\Src\app_vision.c: 1 warning, 0 errors
compiling gimbal.c...
..\Application\Src\gimbal.c(354): warning:  #186-D: pointless comparison of unsigned integer with zero
  					if(shoot_flag >= 0 && shoot_flag < 1000)
..\Application\Src\gimbal.c(442): warning:  #186-D: pointless comparison of unsigned integer with zero
  					if(shoot_flag >= 0 && shoot_flag < 1000)
..\Application\Src\gimbal.c: 2 warnings, 0 errors
linking...
Program Size: Code=25772 RO-data=472 RW-data=480 ZI-data=79104  
FromELF: creating hex file...
"FreeRTOS_infantry_gimbal_IT\FreeRTOS_infantry_gimbal_IT.axf" - 0 Error(s), 3 Warning(s).

<h2>Software Packages used:</h2>

Package Vendor: ARM
                http://www.keil.com/pack/ARM.CMSIS.5.7.0.pack
                ARM.CMSIS.5.7.0
                CMSIS (Cortex Microcontroller Software Interface Standard)
   * Component: CORE Version: 5.4.0

Package Vendor: Keil
                https://www.keil.com/pack/Keil.STM32F4xx_DFP.2.17.1.pack
                Keil.STM32F4xx_DFP.2.17.1
                STMicroelectronics STM32F4 Series Device Support, Drivers and Examples

<h2>Collection of Component include folders:</h2>
  .\RTE\_FreeRTOS_infantry_gimbal_IT
  C:\Users\Administrator.DESKTOP-IAACAVF\AppData\Local\Arm\Packs\ARM\CMSIS\5.7.0\CMSIS\Core\Include
  C:\Users\Administrator.DESKTOP-IAACAVF\AppData\Local\Arm\Packs\Keil\STM32F4xx_DFP\2.17.1\Drivers\CMSIS\Device\ST\STM32F4xx\Include

<h2>Collection of Component Files used:</h2>

   * Component: ARM::CMSIS:CORE:5.4.0
      Include file:  CMSIS\Core\Include\tz_context.h
Build Time Elapsed:  00:00:02
</pre>
</body>
</html>
