Component: ARM Compiler 5.06 update 7 (build 960) Tool: armlink [4d3601]

==============================================================================

Section Cross References

    startup_stm32f407xx.o(RESET) refers to startup_stm32f407xx.o(STACK) for __initial_sp
    startup_stm32f407xx.o(RESET) refers to startup_stm32f407xx.o(.text) for Reset_Handler
    startup_stm32f407xx.o(RESET) refers to stm32f4xx_it.o(i.NMI_Handler) for NMI_Handler
    startup_stm32f407xx.o(RESET) refers to stm32f4xx_it.o(i.HardFault_Handler) for HardFault_Handler
    startup_stm32f407xx.o(RESET) refers to stm32f4xx_it.o(i.MemManage_Handler) for MemManage_Handler
    startup_stm32f407xx.o(RESET) refers to stm32f4xx_it.o(i.BusFault_Handler) for BusFault_Handler
    startup_stm32f407xx.o(RESET) refers to stm32f4xx_it.o(i.UsageFault_Handler) for UsageFault_Handler
    startup_stm32f407xx.o(RESET) refers to port.o(.emb_text) for SVC_Handler
    startup_stm32f407xx.o(RESET) refers to stm32f4xx_it.o(i.DebugMon_Handler) for DebugMon_Handler
    startup_stm32f407xx.o(RESET) refers to port.o(i.SysTick_Handler) for SysTick_Handler
    startup_stm32f407xx.o(RESET) refers to stm32f4xx_it.o(i.DMA1_Stream1_IRQHandler) for DMA1_Stream1_IRQHandler
    startup_stm32f407xx.o(RESET) refers to stm32f4xx_it.o(i.CAN1_RX0_IRQHandler) for CAN1_RX0_IRQHandler
    startup_stm32f407xx.o(RESET) refers to stm32f4xx_it.o(i.USART1_IRQHandler) for USART1_IRQHandler
    startup_stm32f407xx.o(RESET) refers to stm32f4xx_it.o(i.USART3_IRQHandler) for USART3_IRQHandler
    startup_stm32f407xx.o(RESET) refers to stm32f4xx_it.o(i.TIM6_DAC_IRQHandler) for TIM6_DAC_IRQHandler
    startup_stm32f407xx.o(RESET) refers to stm32f4xx_it.o(i.CAN2_RX0_IRQHandler) for CAN2_RX0_IRQHandler
    startup_stm32f407xx.o(RESET) refers to stm32f4xx_it.o(i.USART6_IRQHandler) for USART6_IRQHandler
    startup_stm32f407xx.o(.text) refers to system_stm32f4xx.o(i.SystemInit) for SystemInit
    startup_stm32f407xx.o(.text) refers to entry.o(.ARM.Collect$$$$00000000) for __main
    main.o(i.HAL_TIM_PeriodElapsedCallback) refers to stm32f4xx_hal.o(i.HAL_IncTick) for HAL_IncTick
    main.o(i.SystemClock_Config) refers to memseta.o(.text) for __aeabi_memclr4
    main.o(i.SystemClock_Config) refers to stm32f4xx_hal_rcc.o(i.HAL_RCC_OscConfig) for HAL_RCC_OscConfig
    main.o(i.SystemClock_Config) refers to stm32f4xx_hal_rcc.o(i.HAL_RCC_ClockConfig) for HAL_RCC_ClockConfig
    main.o(i.main) refers to stm32f4xx_hal.o(i.HAL_Init) for HAL_Init
    main.o(i.main) refers to main.o(i.SystemClock_Config) for SystemClock_Config
    main.o(i.main) refers to gpio.o(i.MX_GPIO_Init) for MX_GPIO_Init
    main.o(i.main) refers to dma.o(i.MX_DMA_Init) for MX_DMA_Init
    main.o(i.main) refers to usart.o(i.MX_USART1_UART_Init) for MX_USART1_UART_Init
    main.o(i.main) refers to usart.o(i.MX_USART3_UART_Init) for MX_USART3_UART_Init
    main.o(i.main) refers to can.o(i.MX_CAN1_Init) for MX_CAN1_Init
    main.o(i.main) refers to can.o(i.MX_CAN2_Init) for MX_CAN2_Init
    main.o(i.main) refers to usart.o(i.MX_USART6_UART_Init) for MX_USART6_UART_Init
    main.o(i.main) refers to tim.o(i.MX_TIM1_Init) for MX_TIM1_Init
    main.o(i.main) refers to tim.o(i.MX_TIM8_Init) for MX_TIM8_Init
    main.o(i.main) refers to freertos_about.o(i.freertos_init) for freertos_init
    main.o(i.main) refers to drv_uart.o(i.uart_manage_init) for uart_manage_init
    main.o(i.main) refers to drv_can.o(i.can_manage_init) for can_manage_init
    main.o(i.main) refers to system.o(i.system_init) for system_init
    main.o(i.main) refers to app_motor.o(i.add_motor) for add_motor
    main.o(i.main) refers to stm32f4xx_hal_tim.o(i.HAL_TIM_PWM_Start) for HAL_TIM_PWM_Start
    main.o(i.main) refers to tasks.o(i.xTaskCreate) for xTaskCreate
    main.o(i.main) refers to tasks.o(i.vTaskStartScheduler) for vTaskStartScheduler
    main.o(i.main) refers to tim.o(.bss) for htim1
    main.o(i.main) refers to drv_led.o(i.led_task) for led_task
    main.o(i.main) refers to app_can.o(i.can_task) for can_task
    main.o(i.main) refers to gimbal.o(i.gimbal_task) for gimbal_task
    main.o(i.main) refers to app_remote.o(i.remote_task) for remote_task
    main.o(i.main) refers to app_ch110.o(i.CH110_task) for CH110_task
    main.o(i.main) refers to app_communication.o(i.communication_receive_task) for communication_receive_task
    main.o(i.main) refers to app_communication.o(i.communication_send_task) for communication_send_task
    main.o(i.main) refers to app_vision.o(i.vision_recive_task) for vision_recive_task
    main.o(i.main) refers to app_vision.o(i.vision_send_task) for vision_send_task
    gpio.o(i.MX_GPIO_Init) refers to memseta.o(.text) for __aeabi_memclr4
    gpio.o(i.MX_GPIO_Init) refers to stm32f4xx_hal_gpio.o(i.HAL_GPIO_WritePin) for HAL_GPIO_WritePin
    gpio.o(i.MX_GPIO_Init) refers to stm32f4xx_hal_gpio.o(i.HAL_GPIO_Init) for HAL_GPIO_Init
    can.o(i.HAL_CAN_MspDeInit) refers to stm32f4xx_hal_gpio.o(i.HAL_GPIO_DeInit) for HAL_GPIO_DeInit
[...]
    i.vPortFree                              0x080051ac   Section        0  heap_4.o(i.vPortFree)
    i.vPortSetupTimerInterrupt               0x08005210   Section        0  port.o(i.vPortSetupTimerInterrupt)
    i.vPortValidateInterruptPriority         0x08005234   Section        0  port.o(i.vPortValidateInterruptPriority)
    i.vQueueAddToRegistry                    0x08005288   Section        0  queue.o(i.vQueueAddToRegistry)
    i.vQueueWaitForMessageRestricted         0x080052d8   Section        0  queue.o(i.vQueueWaitForMessageRestricted)
    i.vResetTimerCallback                    0x0800531c   Section        0  gimbal.o(i.vResetTimerCallback)
    i.vStartTimerCallback                    0x08005328   Section        0  system.o(i.vStartTimerCallback)
    i.vTaskDelay                             0x08005358   Section        0  tasks.o(i.vTaskDelay)
    i.vTaskInternalSetTimeOutState           0x080053a4   Section        0  tasks.o(i.vTaskInternalSetTimeOutState)
    i.vTaskMissedYield                       0x080053b4   Section        0  tasks.o(i.vTaskMissedYield)
    i.vTaskPlaceOnEventList                  0x080053c0   Section        0  tasks.o(i.vTaskPlaceOnEventList)
    i.vTaskPlaceOnEventListRestricted        0x080053f0   Section        0  tasks.o(i.vTaskPlaceOnEventListRestricted)
    i.vTaskPriorityDisinheritAfterTimeout    0x08005440   Section        0  tasks.o(i.vTaskPriorityDisinheritAfterTimeout)
    i.vTaskStartScheduler                    0x08005504   Section        0  tasks.o(i.vTaskStartScheduler)
    i.vTaskSuspendAll                        0x08005574   Section        0  tasks.o(i.vTaskSuspendAll)
    i.vTaskSwitchContext                     0x08005584   Section        0  tasks.o(i.vTaskSwitchContext)
    i.verify_accumulation_check_sum          0x080055e0   Section        0  system.o(i.verify_accumulation_check_sum)
    i.vision_recive_task                     0x08005608   Section        0  app_vision.o(i.vision_recive_task)
    i.vision_send_task                       0x08005848   Section        0  app_vision.o(i.vision_send_task)
    i.xPortStartScheduler                    0x080058b8   Section        0  port.o(i.xPortStartScheduler)
    i.xQueueCreateMutex                      0x080059ac   Section        0  queue.o(i.xQueueCreateMutex)
    i.xQueueGenericCreate                    0x080059d0   Section        0  queue.o(i.xQueueGenericCreate)
    i.xQueueGenericReset                     0x08005a30   Section        0  queue.o(i.xQueueGenericReset)
    i.xQueueGenericSend                      0x08005ae0   Section        0  queue.o(i.xQueueGenericSend)
    i.xQueueGenericSendFromISR               0x08005c40   Section        0  queue.o(i.xQueueGenericSendFromISR)
    i.xQueueReceive                          0x08005d14   Section        0  queue.o(i.xQueueReceive)
    i.xQueueSemaphoreTake                    0x08005e4c   Section        0  queue.o(i.xQueueSemaphoreTake)
    i.xTaskCheckForTimeOut                   0x08005fc4   Section        0  tasks.o(i.xTaskCheckForTimeOut)
    i.xTaskCreate                            0x08006040   Section        0  tasks.o(i.xTaskCreate)
    i.xTaskDelayUntil                        0x08006098   Section        0  tasks.o(i.xTaskDelayUntil)
    i.xTaskGetSchedulerState                 0x0800612c   Section        0  tasks.o(i.xTaskGetSchedulerState)
    i.xTaskGetTickCount                      0x08006148   Section        0  tasks.o(i.xTaskGetTickCount)
    i.xTaskIncrementTick                     0x08006154   Section        0  tasks.o(i.xTaskIncrementTick)
    i.xTaskPriorityDisinherit                0x0800628c   Section        0  tasks.o(i.xTaskPriorityDisinherit)
    i.xTaskPriorityInherit                   0x08006344   Section        0  tasks.o(i.xTaskPriorityInherit)
    i.xTaskRemoveFromEventList               0x080063f4   Section        0  tasks.o(i.xTaskRemoveFromEventList)
    i.xTaskResumeAll                         0x080064d0   Section        0  tasks.o(i.xTaskResumeAll)
    i.xTimerCreate                           0x080065fc   Section        0  timers.o(i.xTimerCreate)
    i.xTimerCreateTimerTask                  0x08006660   Section        0  timers.o(i.xTimerCreateTimerTask)
    i.xTimerGenericCommand                   0x080066ac   Section        0  timers.o(i.xTimerGenericCommand)
    .constdata                               0x0800670c   Section        8  stm32f4xx_hal_dma.o(.constdata)
    flagBitshiftOffset                       0x0800670c   Data           8  stm32f4xx_hal_dma.o(.constdata)
    .constdata                               0x08006714   Section       16  system_stm32f4xx.o(.constdata)
    .constdata                               0x08006724   Section        8  system_stm32f4xx.o(.constdata)
    .data                                    0x10000000   Section        4  can.o(.data)
    HAL_RCC_CAN1_CLK_ENABLED                 0x10000000   Data           4  can.o(.data)
    .data                                    0x10000004   Section       64  tasks.o(.data)
    uxDeletedTasksWaitingCleanUp             0x10000008   Data           4  tasks.o(.data)
    uxCurrentNumberOfTasks                   0x1000000c   Data           4  tasks.o(.data)
    xTickCount                               0x10000010   Data           4  tasks.o(.data)
    uxTopReadyPriority                       0x10000014   Data           4  tasks.o(.data)
    xSchedulerRunning                        0x10000018   Data           4  tasks.o(.data)
    xPendedTicks                             0x1000001c   Data           4  tasks.o(.data)
    xYieldPending                            0x10000020   Data           4  tasks.o(.data)
    xNumOfOverflows                          0x10000024   Data           4  tasks.o(.data)
    uxTaskNumber                             0x10000028   Data           4  tasks.o(.data)
    xNextTaskUnblockTime                     0x1000002c   Data           4  tasks.o(.data)
    xIdleTaskHandle                          0x10000030   Data           4  tasks.o(.data)
    uxSchedulerSuspended                     0x10000038   Data           4  tasks.o(.data)
    pxDelayedTaskList                        0x1000003c   Data           4  tasks.o(.data)
    pxOverflowDelayedTaskList                0x10000040   Data           4  tasks.o(.data)
    .data                                    0x10000044   Section       20  timers.o(.data)
    xTimerQueue                              0x10000044   Data           4  timers.o(.data)
    xTimerTaskHandle                         0x10000048   Data           4  timers.o(.data)
    xLastTime                                0x1000004c   Data           4  timers.o(.data)
    pxCurrentTimerList                       0x10000050   Data           4  timers.o(.data)
    pxOverflowTimerList                      0x10000054   Data           4  timers.o(.data)
    .data                                    0x10000058   Section       12  port.o(.data)
    ucMaxSysCallPriority                     0x10000058   Data           1  port.o(.data)
    uxCriticalNesting                        0x1000005c   Data           4  port.o(.data)
    ulMaxPRIGROUPValue                       0x10000060   Data           4  port.o(.data)
    .data                                    0x10000064   Section       32  heap_4.o(.data)
    pxEnd                                    0x10000064   Data           4  heap_4.o(.data)
    xFreeBytesRemaining                      0x10000068   Data           4  heap_4.o(.data)
    xMinimumEverFreeBytesRemaining           0x1000006c   Data           4  heap_4.o(.data)
    xNumberOfSuccessfulAllocations           0x10000070   Data           4  heap_4.o(.data)
    xNumberOfSuccessfulFrees                 0x10000074   Data           4  heap_4.o(.data)
    xBlockAllocatedBit                       0x10000078   Data           4  heap_4.o(.data)
    xStart                                   0x1000007c   Data           8  heap_4.o(.data)
    .data                                    0x10000084   Section        8  app_motor.o(.data)
    motor_info_count                         0x10000084   Data           1  app_motor.o(.data)
    .data                                    0x1000008c   Section        8  app_can.o(.data)
    .data                                    0x10000094   Section       16  drv_can.o(.data)
    .data                                    0x100000a4   Section      220  gimbal.o(.data)
    .data                                    0x10000180   Section        2  referee_system.o(.data)
    .data                                    0x10000184   Section       21  system.o(.data)
    .data                                    0x10000199   Section        1  system.o(.data)
    .data                                    0x1000019c   Section       24  freertos_about.o(.data)
    .data                                    0x100001b4   Section        8  app_communication.o(.data)
    .data                                    0x100001bc   Section       12  app_ch110.o(.data)
    .data                                    0x100001c8   Section        1  app_vision.o(.data)
    .data                                    0x100001cc   Section       40  app_vision.o(.data)
    .data                                    0x100001f4   Section        1  app_vision.o(.data)
    .data                                    0x100001f8   Section       12  stm32f4xx_hal.o(.data)
    .data                                    0x10000204   Section        4  system_stm32f4xx.o(.data)
    .bss                                     0x10000208   Section       80  can.o(.bss)
    .bss                                     0x10000258   Section      144  tim.o(.bss)
    .bss                                     0x100002e8   Section      300  usart.o(.bss)
    .bss                                     0x10000414   Section       72  stm32f4xx_hal_timebase_tim.o(.bss)
    .bss                                     0x1000045c   Section       64  queue.o(.bss)
    .bss                                     0x1000049c   Section      240  tasks.o(.bss)
    pxReadyTasksLists                        0x1000049c   Data         140  tasks.o(.bss)
    xDelayedTaskList1                        0x10000528   Data          20  tasks.o(.bss)
    xDelayedTaskList2                        0x1000053c   Data          20  tasks.o(.bss)
    xPendingReadyList                        0x10000550   Data          20  tasks.o(.bss)
    xTasksWaitingTermination                 0x10000564   Data          20  tasks.o(.bss)
    xSuspendedTaskList                       0x10000578   Data          20  tasks.o(.bss)
    .bss                                     0x1000058c   Section       40  timers.o(.bss)
    xActiveTimerList1                        0x1000058c   Data          20  timers.o(.bss)
    xActiveTimerList2                        0x100005a0   Data          20  timers.o(.bss)
    .bss                                     0x100005b4   Section      160  app_motor.o(.bss)
    .bss                                     0x10000654   Section       20  app_remote.o(.bss)
    .bss                                     0x10000668   Section       56  drv_uart.o(.bss)
    .bss                                     0x100006a0   Section       28  app_communication.o(.bss)
    .bss                                     0x100006bc   Section       20  app_ch110.o(.bss)
    .bss                                     0x100006d0   Section       49  app_vision.o(.bss)
    STACK                                    0x10000708   Section     1024  startup_stm32f407xx.o(STACK)
    .bss                                     0x20000000   Section    76800  heap_4.o(.bss)
    ucHeap                                   0x20000000   Data       76800  heap_4.o(.bss)

    Global Symbols

    Symbol Name                              Value     Ov Type        Size  Object(Section)

    BuildAttributes$$THM_ISAv4$E$P$D$K$B$S$7EM$VFPi3$EXTD16$VFPS$VFMA$PE$A:L22UL41UL21$X:L11$S22US41US21$IEEE1$IW$USESV6$~STKCKD$USESV7$~SHL$OTIME$ROPI$IEEEJ$EBA8$MICROLIB$REQ8$PRES8$EABIv2 0x00000000   Number         0  anon$$obj.o ABSOLUTE
    __ARM_use_no_argv                        0x00000000   Number         0  main.o ABSOLUTE
    __arm_fini_                               - Undefined Weak Reference
    __cpp_initialize__aeabi_                  - Undefined Weak Reference
    __cxa_finalize                            - Undefined Weak Reference
    _clock_init                               - Undefined Weak Reference
    _microlib_exit                            - Undefined Weak Reference
    __Vectors_Size                           0x00000188   Number         0  startup_stm32f407xx.o ABSOLUTE
    __Vectors                                0x08000000   Data           4  startup_stm32f407xx.o(RESET)
    __Vectors_End                            0x08000188   Data           0  startup_stm32f407xx.o(RESET)
    __main                                   0x08000189   Thumb Code     0  entry.o(.ARM.Collect$$$$00000000)
    _main_stk                                0x08000189   Thumb Code     0  entry2.o(.ARM.Collect$$$$00000001)
    _main_scatterload                        0x0800018d   Thumb Code     0  entry5.o(.ARM.Collect$$$$00000004)
    __main_after_scatterload                 0x08000191   Thumb Code     0  entry5.o(.ARM.Collect$$$$00000004)
    _main_clock                              0x08000191   Thumb Code     0  entry7b.o(.ARM.Collect$$$$00000008)
    _main_cpp_init                           0x08000191   Thumb Code     0  entry8b.o(.ARM.Collect$$$$0000000A)
    _main_init                               0x08000191   Thumb Code     0  entry9a.o(.ARM.Collect$$$$0000000B)
    __rt_lib_shutdown_fini                   0x08000199   Thumb Code     0  entry12b.o(.ARM.Collect$$$$0000000E)
    __rt_final_cpp                           0x0800019d   Thumb Code     0  entry10a.o(.ARM.Collect$$$$0000000F)
    __rt_final_exit                          0x0800019d   Thumb Code     0  entry11a.o(.ARM.Collect$$$$00000011)
    SVC_Handler                              0x080001a1   Thumb Code    28  port.o(.emb_text)
    __asm___6_port_c_39a90d8d__prvStartFirstTask 0x080001c1   Thumb Code    36  port.o(.emb_text)
    __asm___6_port_c_39a90d8d__prvEnableVFP  0x080001e9   Thumb Code    16  port.o(.emb_text)
    PendSV_Handler                           0x080001fd   Thumb Code    88  port.o(.emb_text)
    vPortGetIPSR                             0x08000259   Thumb Code     6  port.o(.emb_text)
    Reset_Handler                            0x08000261   Thumb Code     8  startup_stm32f407xx.o(.text)
    ADC_IRQHandler                           0x0800027b   Thumb Code     0  startup_stm32f407xx.o(.text)
    CAN1_RX1_IRQHandler                      0x0800027b   Thumb Code     0  startup_stm32f407xx.o(.text)
    CAN1_SCE_IRQHandler                      0x0800027b   Thumb Code     0  startup_stm32f407xx.o(.text)
    CAN1_TX_IRQHandler                       0x0800027b   Thumb Code     0  startup_stm32f407xx.o(.text)
    CAN2_RX1_IRQHandler                      0x0800027b   Thumb Code     0  startup_stm32f407xx.o(.text)
    CAN2_SCE_IRQHandler                      0x0800027b   Thumb Code     0  startup_stm32f407xx.o(.text)
    CAN2_TX_IRQHandler                       0x0800027b   Thumb Code     0  startup_stm32f407xx.o(.text)
    DCMI_IRQHandler                          0x0800027b   Thumb Code     0  startup_stm32f407xx.o(.text)
    DMA1_Stream0_IRQHandler                  0x0800027b   Thumb Code     0  startup_stm32f407xx.o(.text)
    DMA1_Stream2_IRQHandler                  0x0800027b   Thumb Code     0  startup_stm32f407xx.o(.text)
    DMA1_Stream3_IRQHandler                  0x0800027b   Thumb Code     0  startup_stm32f407xx.o(.text)
    DMA1_Stream4_IRQHandler                  0x0800027b   Thumb Code     0  startup_stm32f407xx.o(.text)
    DMA1_Stream5_IRQHandler                  0x0800027b   Thumb Code     0  startup_stm32f407xx.o(.text)
    DMA1_Stream6_IRQHandler                  0x0800027b   Thumb Code     0  startup_stm32f407xx.o(.text)
    DMA1_Stream7_IRQHandler                  0x0800027b   Thumb Code     0  startup_stm32f407xx.o(.text)
    DMA2_Stream0_IRQHandler                  0x0800027b   Thumb Code     0  startup_stm32f407xx.o(.text)
    DMA2_Stream1_IRQHandler                  0x0800027b   Thumb Code     0  startup_stm32f407xx.o(.text)
    DMA2_Stream2_IRQHandler                  0x0800027b   Thumb Code     0  startup_stm32f407xx.o(.text)
    DMA2_Stream3_IRQHandler                  0x0800027b   Thumb Code     0  startup_stm32f407xx.o(.text)
    DMA2_Stream4_IRQHandler                  0x0800027b   Thumb Code     0  startup_stm32f407xx.o(.text)
    DMA2_Stream5_IRQHandler                  0x0800027b   Thumb Code     0  startup_stm32f407xx.o(.text)
    DMA2_Stream6_IRQHandler                  0x0800027b   Thumb Code     0  startup_stm32f407xx.o(.text)
    DMA2_Stream7_IRQHandler                  0x0800027b   Thumb Code     0  startup_stm32f407xx.o(.text)
    ETH_IRQHandler                           0x0800027b   Thumb Code     0  startup_stm32f407xx.o(.text)
    ETH_WKUP_IRQHandler                      0x0800027b   Thumb Code     0  startup_stm32f407xx.o(.text)
    EXTI0_IRQHandler                         0x0800027b   Thumb Code     0  startup_stm32f407xx.o(.text)
    EXTI15_10_IRQHandler                     0x0800027b   Thumb Code     0  startup_stm32f407xx.o(.text)
    EXTI1_IRQHandler                         0x0800027b   Thumb Code     0  startup_stm32f407xx.o(.text)
    EXTI2_IRQHandler                         0x0800027b   Thumb Code     0  startup_stm32f407xx.o(.text)
    EXTI3_IRQHandler                         0x0800027b   Thumb Code     0  startup_stm32f407xx.o(.text)
    EXTI4_IRQHandler                         0x0800027b   Thumb Code     0  startup_stm32f407xx.o(.text)
    EXTI9_5_IRQHandler                       0x0800027b   Thumb Code     0  startup_stm32f407xx.o(.text)
    FLASH_IRQHandler                         0x0800027b   Thumb Code     0  startup_stm32f407xx.o(.text)
    FMC_IRQHandler                           0x0800027b   Thumb Code     0  startup_stm32f407xx.o(.text)
    FPU_IRQHandler                           0x0800027b   Thumb Code     0  startup_stm32f407xx.o(.text)
    HASH_RNG_IRQHandler                      0x0800027b   Thumb Code     0  startup_stm32f407xx.o(.text)
    I2C1_ER_IRQHandler                       0x0800027b   Thumb Code     0  startup_stm32f407xx.o(.text)
    I2C1_EV_IRQHandler                       0x0800027b   Thumb Code     0  startup_stm32f407xx.o(.text)
    I2C2_ER_IRQHandler                       0x0800027b   Thumb Code     0  startup_stm32f407xx.o(.text)
    I2C2_EV_IRQHandler                       0x0800027b   Thumb Code     0  startup_stm32f407xx.o(.text)
    I2C3_ER_IRQHandler                       0x0800027b   Thumb Code     0  startup_stm32f407xx.o(.text)
    I2C3_EV_IRQHandler                       0x0800027b   Thumb Code     0  startup_stm32f407xx.o(.text)
    OTG_FS_IRQHandler                        0x0800027b   Thumb Code     0  startup_stm32f407xx.o(.text)
    OTG_FS_WKUP_IRQHandler                   0x0800027b   Thumb Code     0  startup_stm32f407xx.o(.text)
    OTG_HS_EP1_IN_IRQHandler                 0x0800027b   Thumb Code     0  startup_stm32f407xx.o(.text)
    OTG_HS_EP1_OUT_IRQHandler                0x0800027b   Thumb Code     0  startup_stm32f407xx.o(.text)
    OTG_HS_IRQHandler                        0x0800027b   Thumb Code     0  startup_stm32f407xx.o(.text)
    OTG_HS_WKUP_IRQHandler                   0x0800027b   Thumb Code     0  startup_stm32f407xx.o(.text)
    PVD_IRQHandler                           0x0800027b   Thumb Code     0  startup_stm32f407xx.o(.text)
    RCC_IRQHandler                           0x0800027b   Thumb Code     0  startup_stm32f407xx.o(.text)
    RTC_Alarm_IRQHandler                     0x0800027b   Thumb Code     0  startup_stm32f407xx.o(.text)
    RTC_WKUP_IRQHandler                      0x0800027b   Thumb Code     0  startup_stm32f407xx.o(.text)
    SDIO_IRQHandler                          0x0800027b   Thumb Code     0  startup_stm32f407xx.o(.text)
    SPI1_IRQHandler                          0x0800027b   Thumb Code     0  startup_stm32f407xx.o(.text)
    SPI2_IRQHandler                          0x0800027b   Thumb Code     0  startup_stm32f407xx.o(.text)
    SPI3_IRQHandler                          0x0800027b   Thumb Code     0  startup_stm32f407xx.o(.text)
    TAMP_STAMP_IRQHandler                    0x0800027b   Thumb Code     0  startup_stm32f407xx.o(.text)
    TIM1_BRK_TIM9_IRQHandler                 0x0800027b   Thumb Code     0  startup_stm32f407xx.o(.text)
    TIM1_CC_IRQHandler                       0x0800027b   Thumb Code     0  startup_stm32f407xx.o(.text)
    TIM1_TRG_COM_TIM11_IRQHandler            0x0800027b   Thumb Code     0  startup_stm32f407xx.o(.text)
    TIM1_UP_TIM10_IRQHandler                 0x0800027b   Thumb Code     0  startup_stm32f407xx.o(.text)
    TIM2_IRQHandler                          0x0800027b   Thumb Code     0  startup_stm32f407xx.o(.text)
    TIM3_IRQHandler                          0x0800027b   Thumb Code     0  startup_stm32f407xx.o(.text)
    TIM4_IRQHandler                          0x0800027b   Thumb Code     0  startup_stm32f407xx.o(.text)
    TIM5_IRQHandler                          0x0800027b   Thumb Code     0  startup_stm32f407xx.o(.text)
    TIM7_IRQHandler                          0x0800027b   Thumb Code     0  startup_stm32f407xx.o(.text)
    TIM8_BRK_TIM12_IRQHandler                0x0800027b   Thumb Code     0  startup_stm32f407xx.o(.text)
    TIM8_CC_IRQHandler                       0x0800027b   Thumb Code     0  startup_stm32f407xx.o(.text)
    TIM8_TRG_COM_TIM14_IRQHandler            0x0800027b   Thumb Code     0  startup_stm32f407xx.o(.text)
    TIM8_UP_TIM13_IRQHandler                 0x0800027b   Thumb Code     0  startup_stm32f407xx.o(.text)
    UART4_IRQHandler                         0x0800027b   Thumb Code     0  startup_stm32f407xx.o(.text)
    UART5_IRQHandler                         0x0800027b   Thumb Code     0  startup_stm32f407xx.o(.text)
    USART2_IRQHandler                        0x0800027b   Thumb Code     0  startup_stm32f407xx.o(.text)
    WWDG_IRQHandler                          0x0800027b   Thumb Code     0  startup_stm32f407xx.o(.text)
    __aeabi_uldivmod                         0x08000285   Thumb Code    98  uldiv.o(.text)
    __aeabi_memcpy                           0x080002e7   Thumb Code    36  memcpya.o(.text)
    __aeabi_memcpy4                          0x080002e7   Thumb Code     0  memcpya.o(.text)
    __aeabi_memcpy8                          0x080002e7   Thumb Code     0  memcpya.o(.text)
    __aeabi_memset                           0x0800030b   Thumb Code    14  memseta.o(.text)
    __aeabi_memset4                          0x0800030b   Thumb Code     0  memseta.o(.text)
    __aeabi_memset8                          0x0800030b   Thumb Code     0  memseta.o(.text)
    __aeabi_memclr                           0x08000319   Thumb Code     4  memseta.o(.text)
    __aeabi_memclr4                          0x08000319   Thumb Code     0  memseta.o(.text)
    __aeabi_memclr8                          0x08000319   Thumb Code     0  memseta.o(.text)
    memset                                   0x0800031d   Thumb Code    18  memseta.o(.text)
    __aeabi_llsl                             0x0800032f   Thumb Code    30  llshl.o(.text)
    _ll_shift_l                              0x0800032f   Thumb Code     0  llshl.o(.text)
    __aeabi_llsr                             0x0800034d   Thumb Code    32  llushr.o(.text)
    _ll_ushift_r                             0x0800034d   Thumb Code     0  llushr.o(.text)
    __scatterload                            0x0800036d   Thumb Code    28  init.o(.text)
    __scatterload_rt2                        0x0800036d   Thumb Code     0  init.o(.text)
    __decompress                             0x08000391   Thumb Code     0  __dczerorl2.o(.text)
    __decompress1                            0x08000391   Thumb Code    86  __dczerorl2.o(.text)
    BusFault_Handler                         0x080003e7   Thumb Code     2  stm32f4xx_it.o(i.BusFault_Handler)
    CAN1_RX0_IRQHandler                      0x080003e9   Thumb Code     6  stm32f4xx_it.o(i.CAN1_RX0_IRQHandler)
    CAN2_RX0_IRQHandler                      0x080003f5   Thumb Code     6  stm32f4xx_it.o(i.CAN2_RX0_IRQHandler)
    CH110_gyro_angle_cascade_calculation     0x08000401   Thumb Code   422  app_pid.o(i.CH110_gyro_angle_cascade_calculation)
    CH110_task                               0x080005c1   Thumb Code   444  app_ch110.o(i.CH110_task)
    DMA1_Stream1_IRQHandler                  0x08000795   Thumb Code     6  stm32f4xx_it.o(i.DMA1_Stream1_IRQHandler)
    DebugMon_Handler                         0x0800081d   Thumb Code     2  stm32f4xx_it.o(i.DebugMon_Handler)
    Error_Handler                            0x0800081f   Thumb Code     4  main.o(i.Error_Handler)
    HAL_CAN_ActivateNotification             0x08000823   Thumb Code    36  stm32f4xx_hal_can.o(i.HAL_CAN_ActivateNotification)
    HAL_CAN_AddTxMessage                     0x08000847   Thumb Code   220  stm32f4xx_hal_can.o(i.HAL_CAN_AddTxMessage)
    HAL_CAN_ConfigFilter                     0x08000925   Thumb Code   262  stm32f4xx_hal_can.o(i.HAL_CAN_ConfigFilter)
    HAL_CAN_ErrorCallback                    0x08000a31   Thumb Code     2  stm32f4xx_hal_can.o(i.HAL_CAN_ErrorCallback)
    HAL_CAN_GetRxMessage                     0x08000a33   Thumb Code   232  stm32f4xx_hal_can.o(i.HAL_CAN_GetRxMessage)
    HAL_CAN_GetTxMailboxesFreeLevel          0x08000b1b   Thumb Code    44  stm32f4xx_hal_can.o(i.HAL_CAN_GetTxMailboxesFreeLevel)
    HAL_CAN_IRQHandler                       0x08000b47   Thumb Code   508  stm32f4xx_hal_can.o(i.HAL_CAN_IRQHandler)
    HAL_CAN_Init                             0x08000d43   Thumb Code   282  stm32f4xx_hal_can.o(i.HAL_CAN_Init)
    HAL_CAN_MspInit                          0x08000e5d   Thumb Code   226  can.o(i.HAL_CAN_MspInit)
    HAL_CAN_RxFifo0FullCallback              0x08000f59   Thumb Code     2  stm32f4xx_hal_can.o(i.HAL_CAN_RxFifo0FullCallback)
    HAL_CAN_RxFifo0MsgPendingCallback        0x08000f5d   Thumb Code   314  drv_can.o(i.HAL_CAN_RxFifo0MsgPendingCallback)
    HAL_CAN_RxFifo1FullCallback              0x080010b5   Thumb Code     2  stm32f4xx_hal_can.o(i.HAL_CAN_RxFifo1FullCallback)
    HAL_CAN_RxFifo1MsgPendingCallback        0x080010b7   Thumb Code     2  stm32f4xx_hal_can.o(i.HAL_CAN_RxFifo1MsgPendingCallback)
    HAL_CAN_SleepCallback                    0x080010b9   Thumb Code     2  stm32f4xx_hal_can.o(i.HAL_CAN_SleepCallback)
    HAL_CAN_Start                            0x080010bd   Thumb Code    88  stm32f4xx_hal_can.o(i.HAL_CAN_Start)
    HAL_CAN_TxMailbox0AbortCallback          0x08001115   Thumb Code     2  stm32f4xx_hal_can.o(i.HAL_CAN_TxMailbox0AbortCallback)
    HAL_CAN_TxMailbox0CompleteCallback       0x08001117   Thumb Code     2  stm32f4xx_hal_can.o(i.HAL_CAN_TxMailbox0CompleteCallback)
    HAL_CAN_TxMailbox1AbortCallback          0x08001119   Thumb Code     2  stm32f4xx_hal_can.o(i.HAL_CAN_TxMailbox1AbortCallback)
    HAL_CAN_TxMailbox1CompleteCallback       0x0800111b   Thumb Code     2  stm32f4xx_hal_can.o(i.HAL_CAN_TxMailbox1CompleteCallback)
    HAL_CAN_TxMailbox2AbortCallback          0x0800111d   Thumb Code     2  stm32f4xx_hal_can.o(i.HAL_CAN_TxMailbox2AbortCallback)
    HAL_CAN_TxMailbox2CompleteCallback       0x0800111f   Thumb Code     2  stm32f4xx_hal_can.o(i.HAL_CAN_TxMailbox2CompleteCallback)
    HAL_CAN_WakeUpFromRxMsgCallback          0x08001121   Thumb Code     2  stm32f4xx_hal_can.o(i.HAL_CAN_WakeUpFromRxMsgCallback)
    HAL_DMA_Abort                            0x08001123   Thumb Code   146  stm32f4xx_hal_dma.o(i.HAL_DMA_Abort)
    HAL_DMA_Abort_IT                         0x080011b5   Thumb Code    36  stm32f4xx_hal_dma.o(i.HAL_DMA_Abort_IT)
    HAL_DMA_IRQHandler                       0x080011d9   Thumb Code   412  stm32f4xx_hal_dma.o(i.HAL_DMA_IRQHandler)
    HAL_DMA_Init                             0x08001379   Thumb Code   206  stm32f4xx_hal_dma.o(i.HAL_DMA_Init)
    HAL_GPIO_Init                            0x0800144d   Thumb Code   450  stm32f4xx_hal_gpio.o(i.HAL_GPIO_Init)
    HAL_GPIO_TogglePin                       0x0800163d   Thumb Code    16  stm32f4xx_hal_gpio.o(i.HAL_GPIO_TogglePin)
    HAL_GPIO_WritePin                        0x0800164d   Thumb Code    10  stm32f4xx_hal_gpio.o(i.HAL_GPIO_WritePin)
    HAL_GetTick                              0x08001659   Thumb Code     6  stm32f4xx_hal.o(i.HAL_GetTick)
    HAL_IncTick                              0x08001665   Thumb Code    12  stm32f4xx_hal.o(i.HAL_IncTick)
    HAL_Init                                 0x08001675   Thumb Code    48  stm32f4xx_hal.o(i.HAL_Init)
    HAL_InitTick                             0x080016a9   Thumb Code   100  stm32f4xx_hal_timebase_tim.o(i.HAL_InitTick)
    HAL_MspInit                              0x0800171d   Thumb Code    52  stm32f4xx_hal_msp.o(i.HAL_MspInit)
    HAL_NVIC_EnableIRQ                       0x08001755   Thumb Code    26  stm32f4xx_hal_cortex.o(i.HAL_NVIC_EnableIRQ)
    HAL_NVIC_SetPriority                     0x08001771   Thumb Code    60  stm32f4xx_hal_cortex.o(i.HAL_NVIC_SetPriority)
    HAL_NVIC_SetPriorityGrouping             0x080017b1   Thumb Code    26  stm32f4xx_hal_cortex.o(i.HAL_NVIC_SetPriorityGrouping)
    HAL_RCC_ClockConfig                      0x080017d5   Thumb Code   288  stm32f4xx_hal_rcc.o(i.HAL_RCC_ClockConfig)
    HAL_RCC_GetClockConfig                   0x08001909   Thumb Code    54  stm32f4xx_hal_rcc.o(i.HAL_RCC_GetClockConfig)
    HAL_RCC_GetPCLK1Freq                     0x08001949   Thumb Code    20  stm32f4xx_hal_rcc.o(i.HAL_RCC_GetPCLK1Freq)
    HAL_RCC_GetPCLK2Freq                     0x08001969   Thumb Code    20  stm32f4xx_hal_rcc.o(i.HAL_RCC_GetPCLK2Freq)
    HAL_RCC_GetSysClockFreq                  0x08001989   Thumb Code    88  stm32f4xx_hal_rcc.o(i.HAL_RCC_GetSysClockFreq)
    HAL_RCC_OscConfig                        0x080019ed   Thumb Code   856  stm32f4xx_hal_rcc.o(i.HAL_RCC_OscConfig)
    HAL_TIMEx_BreakCallback                  0x08001d59   Thumb Code     2  stm32f4xx_hal_tim_ex.o(i.HAL_TIMEx_BreakCallback)
    HAL_TIMEx_CommutCallback                 0x08001d5b   Thumb Code     2  stm32f4xx_hal_tim_ex.o(i.HAL_TIMEx_CommutCallback)
    HAL_TIMEx_ConfigBreakDeadTime            0x08001d5d   Thumb Code    84  stm32f4xx_hal_tim_ex.o(i.HAL_TIMEx_ConfigBreakDeadTime)
    HAL_TIMEx_MasterConfigSynchronization    0x08001db1   Thumb Code   116  stm32f4xx_hal_tim_ex.o(i.HAL_TIMEx_MasterConfigSynchronization)
    HAL_TIM_Base_Init                        0x08001e41   Thumb Code    90  stm32f4xx_hal_tim.o(i.HAL_TIM_Base_Init)
    HAL_TIM_Base_MspInit                     0x08001e9b   Thumb Code     2  stm32f4xx_hal_tim.o(i.HAL_TIM_Base_MspInit)
    HAL_TIM_Base_Start_IT                    0x08001e9d   Thumb Code   100  stm32f4xx_hal_tim.o(i.HAL_TIM_Base_Start_IT)
    HAL_TIM_IC_CaptureCallback               0x08001f1d   Thumb Code     2  stm32f4xx_hal_tim.o(i.HAL_TIM_IC_CaptureCallback)
    HAL_TIM_IRQHandler                       0x08001f1f   Thumb Code   358  stm32f4xx_hal_tim.o(i.HAL_TIM_IRQHandler)
    HAL_TIM_MspPostInit                      0x08002085   Thumb Code   112  tim.o(i.HAL_TIM_MspPostInit)
    HAL_TIM_OC_DelayElapsedCallback          0x08002109   Thumb Code     2  stm32f4xx_hal_tim.o(i.HAL_TIM_OC_DelayElapsedCallback)
    HAL_TIM_PWM_ConfigChannel                0x0800210b   Thumb Code   204  stm32f4xx_hal_tim.o(i.HAL_TIM_PWM_ConfigChannel)
    HAL_TIM_PWM_Init                         0x080021d7   Thumb Code    90  stm32f4xx_hal_tim.o(i.HAL_TIM_PWM_Init)
    HAL_TIM_PWM_MspInit                      0x08002231   Thumb Code    52  tim.o(i.HAL_TIM_PWM_MspInit)
    HAL_TIM_PWM_PulseFinishedCallback        0x08002271   Thumb Code     2  stm32f4xx_hal_tim.o(i.HAL_TIM_PWM_PulseFinishedCallback)
    HAL_TIM_PWM_Start                        0x08002275   Thumb Code   172  stm32f4xx_hal_tim.o(i.HAL_TIM_PWM_Start)
    HAL_TIM_PeriodElapsedCallback            0x0800233d   Thumb Code    14  main.o(i.HAL_TIM_PeriodElapsedCallback)
    HAL_TIM_TriggerCallback                  0x08002351   Thumb Code     2  stm32f4xx_hal_tim.o(i.HAL_TIM_TriggerCallback)
    HAL_UARTEx_ReceiveToIdle_IT              0x08002353   Thumb Code    86  stm32f4xx_hal_uart.o(i.HAL_UARTEx_ReceiveToIdle_IT)
    HAL_UARTEx_RxEventCallback               0x080023a9   Thumb Code   148  drv_uart.o(i.HAL_UARTEx_RxEventCallback)
    HAL_UART_ErrorCallback                   0x08002465   Thumb Code     2  stm32f4xx_hal_uart.o(i.HAL_UART_ErrorCallback)
    HAL_UART_IRQHandler                      0x08002469   Thumb Code   610  stm32f4xx_hal_uart.o(i.HAL_UART_IRQHandler)
    HAL_UART_Init                            0x080026d1   Thumb Code    98  stm32f4xx_hal_uart.o(i.HAL_UART_Init)
    HAL_UART_MspInit                         0x08002735   Thumb Code   350  usart.o(i.HAL_UART_MspInit)
    HAL_UART_RxCpltCallback                  0x080028bd   Thumb Code     2  stm32f4xx_hal_uart.o(i.HAL_UART_RxCpltCallback)
    HAL_UART_Transmit_IT                     0x080028bf   Thumb Code    62  stm32f4xx_hal_uart.o(i.HAL_UART_Transmit_IT)
    HAL_UART_TxCpltCallback                  0x080028fd   Thumb Code     2  stm32f4xx_hal_uart.o(i.HAL_UART_TxCpltCallback)
    HardFault_Handler                        0x080028ff   Thumb Code     2  stm32f4xx_it.o(i.HardFault_Handler)
    MX_CAN1_Init                             0x08002901   Thumb Code    56  can.o(i.MX_CAN1_Init)
    MX_CAN2_Init                             0x08002941   Thumb Code    56  can.o(i.MX_CAN2_Init)
    MX_DMA_Init                              0x08002981   Thumb Code    40  dma.o(i.MX_DMA_Init)
    MX_GPIO_Init                             0x080029ad   Thumb Code   256  gpio.o(i.MX_GPIO_Init)
    MX_TIM1_Init                             0x08002abd   Thumb Code   154  tim.o(i.MX_TIM1_Init)
    MX_TIM8_Init                             0x08002b61   Thumb Code   168  tim.o(i.MX_TIM8_Init)
    MX_USART1_UART_Init                      0x08002c11   Thumb Code    48  usart.o(i.MX_USART1_UART_Init)
    MX_USART3_UART_Init                      0x08002c49   Thumb Code    54  usart.o(i.MX_USART3_UART_Init)
    MX_USART6_UART_Init                      0x08002c8d   Thumb Code    48  usart.o(i.MX_USART6_UART_Init)
    MemManage_Handler                        0x08002cc5   Thumb Code     2  stm32f4xx_it.o(i.MemManage_Handler)
    NMI_Handler                              0x08002cc7   Thumb Code     2  stm32f4xx_it.o(i.NMI_Handler)
    RecId_find                               0x08002cc9   Thumb Code    32  app_pid.o(i.RecId_find)
    SysTick_Handler                          0x08002ced   Thumb Code    38  port.o(i.SysTick_Handler)
    SystemClock_Config                       0x08002d19   Thumb Code   140  main.o(i.SystemClock_Config)
    SystemInit                               0x08002dad   Thumb Code    12  system_stm32f4xx.o(i.SystemInit)
    TIM6_DAC_IRQHandler                      0x08002dbd   Thumb Code     6  stm32f4xx_it.o(i.TIM6_DAC_IRQHandler)
    TIM_Base_SetConfig                       0x08002dc9   Thumb Code   156  stm32f4xx_hal_tim.o(i.TIM_Base_SetConfig)
    TIM_CCxChannelCmd                        0x08002e91   Thumb Code    26  stm32f4xx_hal_tim.o(i.TIM_CCxChannelCmd)
    TIM_OC2_SetConfig                        0x08002f0d   Thumb Code    98  stm32f4xx_hal_tim.o(i.TIM_OC2_SetConfig)
    UART_Start_Receive_IT                    0x0800325d   Thumb Code    54  stm32f4xx_hal_uart.o(i.UART_Start_Receive_IT)
    USART1_IRQHandler                        0x08003295   Thumb Code     6  stm32f4xx_it.o(i.USART1_IRQHandler)
    USART3_IRQHandler                        0x080032a1   Thumb Code     6  stm32f4xx_it.o(i.USART3_IRQHandler)
    USART6_IRQHandler                        0x080032ad   Thumb Code     6  stm32f4xx_it.o(i.USART6_IRQHandler)
    UsageFault_Handler                       0x080032b9   Thumb Code     2  stm32f4xx_it.o(i.UsageFault_Handler)
    __scatterload_copy                       0x0800338d   Thumb Code    14  handlers.o(i.__scatterload_copy)
    __scatterload_null                       0x0800339b   Thumb Code     2  handlers.o(i.__scatterload_null)
    __scatterload_zeroinit                   0x0800339d   Thumb Code    14  handlers.o(i.__scatterload_zeroinit)
    absolute_angle_cascade_calculation       0x080033ad   Thumb Code   500  app_pid.o(i.absolute_angle_cascade_calculation)
    absolute_angle_remainder                 0x080035a5   Thumb Code    36  app_motor.o(i.absolute_angle_remainder)
    add_motor                                0x080035c9   Thumb Code    46  app_motor.o(i.add_motor)
    angle_change_clac                        0x08003601   Thumb Code    74  app_can.o(i.angle_change_clac)
    append_accumulation_check_sum            0x08003651   Thumb Code    30  system.o(i.append_accumulation_check_sum)
    can_manage_init                          0x08003671   Thumb Code   108  drv_can.o(i.can_manage_init)
    can_task                                 0x080036e5   Thumb Code   188  app_can.o(i.can_task)
    communication_receive_task               0x080037ad   Thumb Code    74  app_communication.o(i.communication_receive_task)
    communication_send_task                  0x08003805   Thumb Code   152  app_communication.o(i.communication_send_task)
    cumulative_limit_int16_t                 0x080038b1   Thumb Code    20  app_pid.o(i.cumulative_limit_int16_t)
    freertos_init                            0x080038c5   Thumb Code    74  freertos_about.o(i.freertos_init)
    gimbal_task                              0x08003915   Thumb Code  1634  gimbal.o(i.gimbal_task)
    led_task                                 0x08003f99   Thumb Code   128  drv_led.o(i.led_task)
    limit_int16_t                            0x0800402d   Thumb Code    18  app_pid.o(i.limit_int16_t)
    main                                     0x08004041   Thumb Code   322  main.o(i.main)
    motor_angle_sum_clear                    0x08004231   Thumb Code    30  app_motor.o(i.motor_angle_sum_clear)
    motor_control_send                       0x08004255   Thumb Code   164  drv_can.o(i.motor_control_send)
    output_limit                             0x08004305   Thumb Code    22  app_pid.o(i.output_limit)
    pvPortMalloc                             0x08004a6d   Thumb Code   228  heap_4.o(i.pvPortMalloc)
    pvTaskIncrementMutexHeldCount            0x08004b55   Thumb Code    18  tasks.o(i.pvTaskIncrementMutexHeldCount)
    pxPortInitialiseStack                    0x08004b6d   Thumb Code    40  port.o(i.pxPortInitialiseStack)
    real_time_monitoring_task                0x08004b99   Thumb Code   204  system.o(i.real_time_monitoring_task)
    release_structure_memory                 0x08004c6d   Thumb Code   106  app_motor.o(i.release_structure_memory)
    remote_task                              0x08004ce1   Thumb Code   138  app_remote.o(i.remote_task)
    request_structure_memory                 0x08004d75   Thumb Code   392  app_motor.o(i.request_structure_memory)
    rotating_speed_calculation               0x08004f05   Thumb Code   218  app_pid.o(i.rotating_speed_calculation)
    summation                                0x08004fe5   Thumb Code    26  system.o(i.summation)
    system_init                              0x08005001   Thumb Code    66  system.o(i.system_init)
    uart_manage_init                         0x0800506d   Thumb Code    52  drv_uart.o(i.uart_manage_init)
    uart_msg_send                            0x080050b5   Thumb Code    30  drv_uart.o(i.uart_msg_send)
    uxListRemove                             0x080050d3   Thumb Code    38  list.o(i.uxListRemove)
    vListInitialise                          0x080050f9   Thumb Code    22  list.o(i.vListInitialise)
    vListInitialiseItem                      0x0800510f   Thumb Code     6  list.o(i.vListInitialiseItem)
    vListInsert                              0x08005115   Thumb Code    48  list.o(i.vListInsert)
    vPortEnterCritical                       0x08005145   Thumb Code    54  port.o(i.vPortEnterCritical)
    vPortExitCritical                        0x08005185   Thumb Code    34  port.o(i.vPortExitCritical)
    vPortFree                                0x080051ad   Thumb Code    94  heap_4.o(i.vPortFree)
    vPortSetupTimerInterrupt                 0x08005211   Thumb Code    32  port.o(i.vPortSetupTimerInterrupt)
    vPortValidateInterruptPriority           0x08005235   Thumb Code    74  port.o(i.vPortValidateInterruptPriority)
    vQueueAddToRegistry                      0x08005289   Thumb Code    74  queue.o(i.vQueueAddToRegistry)
    vQueueWaitForMessageRestricted           0x080052d9   Thumb Code    68  queue.o(i.vQueueWaitForMessageRestricted)
    vResetTimerCallback                      0x0800531d   Thumb Code     8  gimbal.o(i.vResetTimerCallback)
    vStartTimerCallback                      0x08005329   Thumb Code    32  system.o(i.vStartTimerCallback)
    vTaskDelay                               0x08005359   Thumb Code    66  tasks.o(i.vTaskDelay)
    vTaskInternalSetTimeOutState             0x080053a5   Thumb Code    12  tasks.o(i.vTaskInternalSetTimeOutState)
    vTaskMissedYield                         0x080053b5   Thumb Code     8  tasks.o(i.vTaskMissedYield)
    vTaskPlaceOnEventList                    0x080053c1   Thumb Code    44  tasks.o(i.vTaskPlaceOnEventList)
    vTaskPlaceOnEventListRestricted          0x080053f1   Thumb Code    76  tasks.o(i.vTaskPlaceOnEventListRestricted)
    vTaskPriorityDisinheritAfterTimeout      0x08005441   Thumb Code   186  tasks.o(i.vTaskPriorityDisinheritAfterTimeout)
    vTaskStartScheduler                      0x08005505   Thumb Code    94  tasks.o(i.vTaskStartScheduler)
    vTaskSuspendAll                          0x08005575   Thumb Code    10  tasks.o(i.vTaskSuspendAll)
    vTaskSwitchContext                       0x08005585   Thumb Code    82  tasks.o(i.vTaskSwitchContext)
    verify_accumulation_check_sum            0x080055e1   Thumb Code    38  system.o(i.verify_accumulation_check_sum)
    vision_recive_task                       0x08005609   Thumb Code   548  app_vision.o(i.vision_recive_task)
    vision_send_task                         0x08005849   Thumb Code    94  app_vision.o(i.vision_send_task)
    xPortStartScheduler                      0x080058b9   Thumb Code   222  port.o(i.xPortStartScheduler)
    xQueueCreateMutex                        0x080059ad   Thumb Code    36  queue.o(i.xQueueCreateMutex)
    xQueueGenericCreate                      0x080059d1   Thumb Code    94  queue.o(i.xQueueGenericCreate)
    xQueueGenericReset                       0x08005a31   Thumb Code   172  queue.o(i.xQueueGenericReset)
    xQueueGenericSend                        0x08005ae1   Thumb Code   346  queue.o(i.xQueueGenericSend)
    xQueueGenericSendFromISR                 0x08005c41   Thumb Code   210  queue.o(i.xQueueGenericSendFromISR)
    xQueueReceive                            0x08005d15   Thumb Code   308  queue.o(i.xQueueReceive)
    xQueueSemaphoreTake                      0x08005e4d   Thumb Code   372  queue.o(i.xQueueSemaphoreTake)
    xTaskCheckForTimeOut                     0x08005fc5   Thumb Code   118  tasks.o(i.xTaskCheckForTimeOut)
    xTaskCreate                              0x08006041   Thumb Code    86  tasks.o(i.xTaskCreate)
    xTaskDelayUntil                          0x08006099   Thumb Code   138  tasks.o(i.xTaskDelayUntil)
    xTaskGetSchedulerState                   0x0800612d   Thumb Code    22  tasks.o(i.xTaskGetSchedulerState)
    xTaskGetTickCount                        0x08006149   Thumb Code     6  tasks.o(i.xTaskGetTickCount)
    xTaskIncrementTick                       0x08006155   Thumb Code   304  tasks.o(i.xTaskIncrementTick)
    xTaskPriorityDisinherit                  0x0800628d   Thumb Code   174  tasks.o(i.xTaskPriorityDisinherit)
    xTaskPriorityInherit                     0x08006345   Thumb Code   168  tasks.o(i.xTaskPriorityInherit)
    xTaskRemoveFromEventList                 0x080063f5   Thumb Code   210  tasks.o(i.xTaskRemoveFromEventList)
    xTaskResumeAll                           0x080064d1   Thumb Code   286  tasks.o(i.xTaskResumeAll)
    xTimerCreate                             0x080065fd   Thumb Code    98  timers.o(i.xTimerCreate)
    xTimerCreateTimerTask                    0x08006661   Thumb Code    58  timers.o(i.xTimerCreateTimerTask)
    xTimerGenericCommand                     0x080066ad   Thumb Code    92  timers.o(i.xTimerGenericCommand)
    AHBPrescTable                            0x08006714   Data          16  system_stm32f4xx.o(.constdata)
    APBPrescTable                            0x08006724   Data           8  system_stm32f4xx.o(.constdata)
    Region$$Table$$Base                      0x0800672c   Number         0  anon$$obj.o(Region$$Table)
    Region$$Table$$Limit                     0x0800675c   Number         0  anon$$obj.o(Region$$Table)
    pxCurrentTCB                             0x10000004   Data           4  tasks.o(.data)
    uxTopUsedPriority                        0x10000034   Data           4  tasks.o(.data)
    rotating_speed_count                     0x10000085   Data           1  app_motor.o(.data)
    relative_angle_count                     0x10000086   Data           1  app_motor.o(.data)
    absolute_angle_count                     0x10000087   Data           1  app_motor.o(.data)
    relative_angle_cascade_count             0x10000088   Data           1  app_motor.o(.data)
    absolute_angle_cascade_count             0x10000089   Data           1  app_motor.o(.data)
    gyro_angle_cascade_count                 0x1000008a   Data           1  app_motor.o(.data)
    vision_angle_cascade_count               0x1000008b   Data           1  app_motor.o(.data)
    speed_min                                0x1000008c   Data           4  app_can.o(.data)
    speed_max                                0x10000090   Data           4  app_can.o(.data)
    tx_data_0x200                            0x10000094   Data           8  drv_can.o(.data)
    tx_data_0x1FF                            0x1000009c   Data           8  drv_can.o(.data)
    first_flag                               0x100000a4   Data           1  gimbal.o(.data)
    G_latch_flag                             0x100000a5   Data           1  gimbal.o(.data)
    temp_shoot_flag                          0x100000a6   Data           1  gimbal.o(.data)
    remote_mode                              0x100000a7   Data           1  gimbal.o(.data)
    F_latch_flag                             0x100000a8   Data           1  gimbal.o(.data)
    reverse_flag                             0x100000a9   Data           1  gimbal.o(.data)
    absolute_value_0x205                     0x100000aa   Data           2  gimbal.o(.data)
    absolute_value_0x206                     0x100000ac   Data           2  gimbal.o(.data)
    servo_angle                              0x100000ae   Data           2  gimbal.o(.data)
    theta                                    0x100000b0   Data           2  gimbal.o(.data)
    speed_value_0x201                        0x100000b2   Data           2  gimbal.o(.data)
    speed_value_0x202                        0x100000b4   Data           2  gimbal.o(.data)
    speed_value_0x203                        0x100000b6   Data           2  gimbal.o(.data)
    angle_value_0x201                        0x100000b8   Data           2  gimbal.o(.data)
    shoot_flag                               0x100000ba   Data           2  gimbal.o(.data)
    b                                        0x100000bc   Data           2  gimbal.o(.data)
    test_speed_max                           0x100000be   Data           2  gimbal.o(.data)
    test_speed_min                           0x100000c0   Data           2  gimbal.o(.data)
    remote_yaw_PTZ_control_coefficient       0x100000c4   Data           4  gimbal.o(.data)
    remote_pitch_PTZ_control_coefficient     0x100000c8   Data           4  gimbal.o(.data)
    mouse_yaw_PTZ_control_coefficient        0x100000cc   Data           4  gimbal.o(.data)
    mouse_pitch_PTZ_control_coefficient      0x100000d0   Data           4  gimbal.o(.data)
    yaw_target                               0x100000d4   Data           4  gimbal.o(.data)
    pitch_target                             0x100000d8   Data           4  gimbal.o(.data)
    gyro_value_0x205                         0x100000dc   Data           4  gimbal.o(.data)
    speed_PID_param_struct                   0x100000e0   Data          20  gimbal.o(.data)
    dial_speed_PID_param_struct              0x100000f4   Data          20  gimbal.o(.data)
    absolute_yaw_primary_structure_gimbal    0x10000108   Data          20  gimbal.o(.data)
    absolute_yaw_secondary_structure_gimbal  0x1000011c   Data          20  gimbal.o(.data)
    absolute_pitch_primary_structure_gimbal  0x10000130   Data          20  gimbal.o(.data)
    absolute_pitch_secondary_structure_gimbal 0x10000144   Data          20  gimbal.o(.data)
    gyro_yaw_primary_structure_gimbal        0x10000158   Data          20  gimbal.o(.data)
    gyro_yaw_secondary_structure_gimbal      0x1000016c   Data          20  gimbal.o(.data)
    ext_power_heat_data                      0x10000180   Data           2  referee_system.o(.data)
    test_flag                                0x10000184   Data           1  system.o(.data)
    switch_flag                              0x10000185   Data           1  system.o(.data)
    error                                    0x10000186   Data           1  system.o(.data)
    motor_error                              0x10000187   Data           1  system.o(.data)
    gyro_online_reply                        0x10000188   Data           1  system.o(.data)
    gyro_error                               0x10000189   Data           1  system.o(.data)
    remote_online_reply                      0x1000018a   Data           1  system.o(.data)
    remote_error                             0x1000018b   Data           1  system.o(.data)
    xStartTimer                              0x1000018c   Data           4  system.o(.data)
    xResetTimer                              0x10000190   Data           4  system.o(.data)
    error_motor                              0x10000194   Data           5  system.o(.data)
    communication_online_reply               0x10000199   Data           1  system.o(.data)
    xCAN1_Semaphore                          0x1000019c   Data           4  freertos_about.o(.data)
    RemoteMsgQueue                           0x100001a0   Data           4  freertos_about.o(.data)
    CanMsgQueue                              0x100001a4   Data           4  freertos_about.o(.data)
    CH110MsgQueue                            0x100001a8   Data           4  freertos_about.o(.data)
    CommunicationMsgQueue                    0x100001ac   Data           4  freertos_about.o(.data)
    VisionMsgQueue                           0x100001b0   Data           4  freertos_about.o(.data)
    rotate_latch_flag                        0x100001b4   Data           1  app_communication.o(.data)
    ext_game_robot_status                    0x100001b6   Data           6  app_communication.o(.data)
    roll_cumulative_change_angle             0x100001bc   Data           4  app_ch110.o(.data)
    pitch_cumulative_change_angle            0x100001c0   Data           4  app_ch110.o(.data)
    yaw_cumulative_change_angle              0x100001c4   Data           4  app_ch110.o(.data)
    bullet_speed                             0x100001c8   Data           1  app_vision.o(.data)
    vision_is_fire                           0x100001cc   Data           1  app_vision.o(.data)
    vision_fire_hz_flag                      0x100001cd   Data           1  app_vision.o(.data)
    send_tar_flag                            0x100001ce   Data           1  app_vision.o(.data)
    vision_mode                              0x100001cf   Data           1  app_vision.o(.data)
    vision_ready                             0x100001d0   Data           1  app_vision.o(.data)
    vision_enable                            0x100001d1   Data           1  app_vision.o(.data)
    vision_fire_flag                         0x100001d2   Data           1  app_vision.o(.data)
    robot_yaw                                0x100001d4   Data           2  app_vision.o(.data)
    robot_pitch                              0x100001d6   Data           2  app_vision.o(.data)
    armor_yaw                                0x100001d8   Data           2  app_vision.o(.data)
    armor_pitch                              0x100001da   Data           2  app_vision.o(.data)
    vision_fire_hz                           0x100001dc   Data           4  app_vision.o(.data)
    vision_fire_time_pre                     0x100001e0   Data           4  app_vision.o(.data)
    vision_fire_count                        0x100001e4   Data           4  app_vision.o(.data)
    vision_fire_count_pre                    0x100001e8   Data           4  app_vision.o(.data)
    vision_yaw_k                             0x100001ec   Data           4  app_vision.o(.data)
    vision_pitch_k                           0x100001f0   Data           4  app_vision.o(.data)
    windmill_enable                          0x100001f4   Data           1  app_vision.o(.data)
    uwTickFreq                               0x100001f8   Data           1  stm32f4xx_hal.o(.data)
    uwTickPrio                               0x100001fc   Data           4  stm32f4xx_hal.o(.data)
    uwTick                                   0x10000200   Data           4  stm32f4xx_hal.o(.data)
    SystemCoreClock                          0x10000204   Data           4  system_stm32f4xx.o(.data)
    hcan1                                    0x10000208   Data          40  can.o(.bss)
    hcan2                                    0x10000230   Data          40  can.o(.bss)
    htim1                                    0x10000258   Data          72  tim.o(.bss)
    htim8                                    0x100002a0   Data          72  tim.o(.bss)
    huart1                                   0x100002e8   Data          68  usart.o(.bss)
    huart3                                   0x1000032c   Data          68  usart.o(.bss)
    huart6                                   0x10000370   Data          68  usart.o(.bss)
    hdma_usart3_rx                           0x100003b4   Data          96  usart.o(.bss)
    htim6                                    0x10000414   Data          72  stm32f4xx_hal_timebase_tim.o(.bss)
    xQueueRegistry                           0x1000045c   Data          64  queue.o(.bss)
    motor_info_list                          0x100005b4   Data          20  app_motor.o(.bss)
    rotating_speed_list                      0x100005c8   Data          20  app_motor.o(.bss)
    relative_angle_list                      0x100005dc   Data          20  app_motor.o(.bss)
    absolute_angle_list                      0x100005f0   Data          20  app_motor.o(.bss)
    relative_angle_cascade_list              0x10000604   Data          20  app_motor.o(.bss)
    absolute_angle_cascade_list              0x10000618   Data          20  app_motor.o(.bss)
    gyro_angle_cascade_list                  0x1000062c   Data          20  app_motor.o(.bss)
    vision_angle_cascade_list                0x10000640   Data          20  app_motor.o(.bss)
    RecMsg                                   0x10000654   Data          20  app_remote.o(.bss)
    remote_rx_buf                            0x10000668   Data          18  drv_uart.o(.bss)
    communication_rx_buf                     0x1000067a   Data          15  drv_uart.o(.bss)
    vision_rx_buf                            0x10000689   Data          23  drv_uart.o(.bss)
    communication_send_buf                   0x100006a0   Data          28  app_communication.o(.bss)
    CH110_data                               0x100006bc   Data          20  app_ch110.o(.bss)
    vision_send_buf                          0x100006d0   Data          12  app_vision.o(.bss)
    vision_struct                            0x100006dc   Data          14  app_vision.o(.bss)
    rx_buf                                   0x100006ea   Data          23  app_vision.o(.bss)
    __initial_sp                             0x10000b08   Data           0  startup_stm32f407xx.o(STACK)



==============================================================================

Memory Map of the image

  Image Entry point : 0x08000189

  Load Region LR_IROM1 (Base: 0x08000000, Size: 0x00006964, Max: 0x00100000, ABSOLUTE, COMPRESSED[0x000067e0])

    Execution Region ER_IROM1 (Exec base: 0x08000000, Load base: 0x08000000, Size: 0x0000675c, Max: 0x00100000, ABSOLUTE)

    Exec Addr    Load Addr    Size         Type   Attr      Idx    E Section Name        Object

    0x08000000   0x08000000   0x00000188   Data   RO            3    RESET               startup_stm32f407xx.o
    0x08000188   0x08000188   0x00000000   Code   RO         5325  * .ARM.Collect$$$$00000000  mc_w.l(entry.o)
    0x08000188   0x08000188   0x00000004   Code   RO         5348    .ARM.Collect$$$$00000001  mc_w.l(entry2.o)
    0x0800018c   0x0800018c   0x00000004   Code   RO         5351    .ARM.Collect$$$$00000004  mc_w.l(entry5.o)
    0x08000190   0x08000190   0x00000000   Code   RO         5353    .ARM.Collect$$$$00000008  mc_w.l(entry7b.o)
    0x08000190   0x08000190   0x00000000   Code   RO         5355    .ARM.Collect$$$$0000000A  mc_w.l(entry8b.o)
    0x08000190   0x08000190   0x00000008   Code   RO         5356    .ARM.Collect$$$$0000000B  mc_w.l(entry9a.o)
    0x08000198   0x08000198   0x00000004   Code   RO         5363    .ARM.Collect$$$$0000000E  mc_w.l(entry12b.o)
    0x0800019c   0x0800019c   0x00000000   Code   RO         5358    .ARM.Collect$$$$0000000F  mc_w.l(entry10a.o)
    0x0800019c   0x0800019c   0x00000000   Code   RO         5360    .ARM.Collect$$$$00000011  mc_w.l(entry11a.o)
    0x0800019c   0x0800019c   0x00000004   Code   RO         5349    .ARM.Collect$$$$00002712  mc_w.l(entry2.o)
    0x080001a0   0x080001a0   0x000000be   Code   RO         1781    .emb_text           port.o
    0x0800025e   0x0800025e   0x00000002   PAD
    0x08000260   0x08000260   0x00000024   Code   RO            4    .text               startup_stm32f407xx.o
    0x08000284   0x08000284   0x00000062   Code   RO         5328    .text               mc_w.l(uldiv.o)
    0x080002e6   0x080002e6   0x00000024   Code   RO         5330    .text               mc_w.l(memcpya.o)
    0x0800030a   0x0800030a   0x00000024   Code   RO         5334    .text               mc_w.l(memseta.o)
    0x0800032e   0x0800032e   0x0000001e   Code   RO         5364    .text               mc_w.l(llshl.o)
    0x0800034c   0x0800034c   0x00000020   Code   RO         5366    .text               mc_w.l(llushr.o)
    0x0800036c   0x0800036c   0x00000024   Code   RO         5382    .text               mc_w.l(init.o)
    0x08000390   0x08000390   0x00000056   Code   RO         5392    .text               mc_w.l(__dczerorl2.o)
    0x080003e6   0x080003e6   0x00000002   Code   RO          585    i.BusFault_Handler  stm32f4xx_it.o
    0x080003e8   0x080003e8   0x0000000c   Code   RO          586    i.CAN1_RX0_IRQHandler  stm32f4xx_it.o
    0x080003f4   0x080003f4   0x0000000c   Code   RO          587    i.CAN2_RX0_IRQHandler  stm32f4xx_it.o
    0x08000400   0x08000400   0x000001c0   Code   RO         2028    i.CH110_gyro_angle_cascade_calculation  app_pid.o
    0x080005c0   0x080005c0   0x000001d4   Code   RO         2511    i.CH110_task        app_ch110.o
    0x08000794   0x08000794   0x0000000c   Code   RO          588    i.DMA1_Stream1_IRQHandler  stm32f4xx_it.o
    0x080007a0   0x080007a0   0x00000028   Code   RO         3275    i.DMA_CalcBaseAndBitshift  stm32f4xx_hal_dma.o
    0x080007c8   0x080007c8   0x00000054   Code   RO         3276    i.DMA_CheckFifoParam  stm32f4xx_hal_dma.o
    0x0800081c   0x0800081c   0x00000002   Code   RO          589    i.DebugMon_Handler  stm32f4xx_it.o
    0x0800081e   0x0800081e   0x00000004   Code   RO           13    i.Error_Handler     main.o
    0x08000822   0x08000822   0x00000024   Code   RO         2583    i.HAL_CAN_ActivateNotification  stm32f4xx_hal_can.o
    0x08000846   0x08000846   0x000000dc   Code   RO         2584    i.HAL_CAN_AddTxMessage  stm32f4xx_hal_can.o
    0x08000922   0x08000922   0x00000002   PAD
    0x08000924   0x08000924   0x0000010c   Code   RO         2585    i.HAL_CAN_ConfigFilter  stm32f4xx_hal_can.o
    0x08000a30   0x08000a30   0x00000002   Code   RO         2588    i.HAL_CAN_ErrorCallback  stm32f4xx_hal_can.o
    0x08000a32   0x08000a32   0x000000e8   Code   RO         2591    i.HAL_CAN_GetRxMessage  stm32f4xx_hal_can.o
    0x08000b1a   0x08000b1a   0x0000002c   Code   RO         2593    i.HAL_CAN_GetTxMailboxesFreeLevel  stm32f4xx_hal_can.o
    0x08000b46   0x08000b46   0x000001fc   Code   RO         2595    i.HAL_CAN_IRQHandler  stm32f4xx_hal_can.o
    0x08000d42   0x08000d42   0x0000011a   Code   RO         2596    i.HAL_CAN_Init      stm32f4xx_hal_can.o
    0x08000e5c   0x08000e5c   0x000000fc   Code   RO          402    i.HAL_CAN_MspInit   can.o
    0x08000f58   0x08000f58   0x00000002   Code   RO         2603    i.HAL_CAN_RxFifo0FullCallback  stm32f4xx_hal_can.o
    0x08000f5a   0x08000f5a   0x00000002   PAD
    0x08000f5c   0x08000f5c   0x00000158   Code   RO         2161    i.HAL_CAN_RxFifo0MsgPendingCallback  drv_can.o
    0x080010b4   0x080010b4   0x00000002   Code   RO         2605    i.HAL_CAN_RxFifo1FullCallback  stm32f4xx_hal_can.o
    0x080010b6   0x080010b6   0x00000002   Code   RO         2606    i.HAL_CAN_RxFifo1MsgPendingCallback  stm32f4xx_hal_can.o
    0x080010b8   0x080010b8   0x00000002   Code   RO         2607    i.HAL_CAN_SleepCallback  stm32f4xx_hal_can.o
    0x080010ba   0x080010ba   0x00000002   PAD
    0x080010bc   0x080010bc   0x00000058   Code   RO         2608    i.HAL_CAN_Start     stm32f4xx_hal_can.o
    0x08001114   0x08001114   0x00000002   Code   RO         2610    i.HAL_CAN_TxMailbox0AbortCallback  stm32f4xx_hal_can.o
    0x08001116   0x08001116   0x00000002   Code   RO         2611    i.HAL_CAN_TxMailbox0CompleteCallback  stm32f4xx_hal_can.o
    0x08001118   0x08001118   0x00000002   Code   RO         2612    i.HAL_CAN_TxMailbox1AbortCallback  stm32f4xx_hal_can.o
    0x0800111a   0x0800111a   0x00000002   Code   RO         2613    i.HAL_CAN_TxMailbox1CompleteCallback  stm32f4xx_hal_can.o
    0x0800111c   0x0800111c   0x00000002   Code   RO         2614    i.HAL_CAN_TxMailbox2AbortCallback  stm32f4xx_hal_can.o
    0x0800111e   0x0800111e   0x00000002   Code   RO         2615    i.HAL_CAN_TxMailbox2CompleteCallback  stm32f4xx_hal_can.o
    0x08001120   0x08001120   0x00000002   Code   RO         2617    i.HAL_CAN_WakeUpFromRxMsgCallback  stm32f4xx_hal_can.o
    0x08001122   0x08001122   0x00000092   Code   RO         3278    i.HAL_DMA_Abort     stm32f4xx_hal_dma.o
    0x080011b4   0x080011b4   0x00000024   Code   RO         3279    i.HAL_DMA_Abort_IT  stm32f4xx_hal_dma.o
    0x080011d8   0x080011d8   0x000001a0   Code   RO         3283    i.HAL_DMA_IRQHandler  stm32f4xx_hal_dma.o
    0x08001378   0x08001378   0x000000d4   Code   RO         3284    i.HAL_DMA_Init      stm32f4xx_hal_dma.o
    0x0800144c   0x0800144c   0x000001f0   Code   RO         3171    i.HAL_GPIO_Init     stm32f4xx_hal_gpio.o
    0x0800163c   0x0800163c   0x00000010   Code   RO         3174    i.HAL_GPIO_TogglePin  stm32f4xx_hal_gpio.o
    0x0800164c   0x0800164c   0x0000000a   Code   RO         3175    i.HAL_GPIO_WritePin  stm32f4xx_hal_gpio.o
    0x08001656   0x08001656   0x00000002   PAD
    0x08001658   0x08001658   0x0000000c   Code   RO         3703    i.HAL_GetTick       stm32f4xx_hal.o
    0x08001664   0x08001664   0x00000010   Code   RO         3709    i.HAL_IncTick       stm32f4xx_hal.o
    0x08001674   0x08001674   0x00000034   Code   RO         3710    i.HAL_Init          stm32f4xx_hal.o
    0x080016a8   0x080016a8   0x00000074   Code   RO          709    i.HAL_InitTick      stm32f4xx_hal_timebase_tim.o
    0x0800171c   0x0800171c   0x00000038   Code   RO          685    i.HAL_MspInit       stm32f4xx_hal_msp.o
    0x08001754   0x08001754   0x0000001a   Code   RO         3560    i.HAL_NVIC_EnableIRQ  stm32f4xx_hal_cortex.o
    0x0800176e   0x0800176e   0x00000002   PAD
    0x08001770   0x08001770   0x00000040   Code   RO         3566    i.HAL_NVIC_SetPriority  stm32f4xx_hal_cortex.o
    0x080017b0   0x080017b0   0x00000024   Code   RO         3567    i.HAL_NVIC_SetPriorityGrouping  stm32f4xx_hal_cortex.o
    0x080017d4   0x080017d4   0x00000134   Code   RO         2817    i.HAL_RCC_ClockConfig  stm32f4xx_hal_rcc.o
    0x08001908   0x08001908   0x00000040   Code   RO         2821    i.HAL_RCC_GetClockConfig  stm32f4xx_hal_rcc.o
    0x08001948   0x08001948   0x00000020   Code   RO         2824    i.HAL_RCC_GetPCLK1Freq  stm32f4xx_hal_rcc.o
    0x08001968   0x08001968   0x00000020   Code   RO         2825    i.HAL_RCC_GetPCLK2Freq  stm32f4xx_hal_rcc.o
    0x08001988   0x08001988   0x00000064   Code   RO         2826    i.HAL_RCC_GetSysClockFreq  stm32f4xx_hal_rcc.o
    0x080019ec   0x080019ec   0x0000036c   Code   RO         2829    i.HAL_RCC_OscConfig  stm32f4xx_hal_rcc.o
    0x08001d58   0x08001d58   0x00000002   Code   RO         4654    i.HAL_TIMEx_BreakCallback  stm32f4xx_hal_tim_ex.o
    0x08001d5a   0x08001d5a   0x00000002   Code   RO         4655    i.HAL_TIMEx_CommutCallback  stm32f4xx_hal_tim_ex.o
    0x08001d5c   0x08001d5c   0x00000054   Code   RO         4657    i.HAL_TIMEx_ConfigBreakDeadTime  stm32f4xx_hal_tim_ex.o
    0x08001db0   0x08001db0   0x00000090   Code   RO         4673    i.HAL_TIMEx_MasterConfigSynchronization  stm32f4xx_hal_tim_ex.o
    0x08001e40   0x08001e40   0x0000005a   Code   RO         3950    i.HAL_TIM_Base_Init  stm32f4xx_hal_tim.o
    0x08001e9a   0x08001e9a   0x00000002   Code   RO         3952    i.HAL_TIM_Base_MspInit  stm32f4xx_hal_tim.o
    0x08001e9c   0x08001e9c   0x00000080   Code   RO         3955    i.HAL_TIM_Base_Start_IT  stm32f4xx_hal_tim.o
    0x08001f1c   0x08001f1c   0x00000002   Code   RO         3984    i.HAL_TIM_IC_CaptureCallback  stm32f4xx_hal_tim.o
    0x08001f1e   0x08001f1e   0x00000166   Code   RO         3998    i.HAL_TIM_IRQHandler  stm32f4xx_hal_tim.o
    0x08002084   0x08002084   0x00000084   Code   RO          477    i.HAL_TIM_MspPostInit  tim.o
    0x08002108   0x08002108   0x00000002   Code   RO         4001    i.HAL_TIM_OC_DelayElapsedCallback  stm32f4xx_hal_tim.o
    0x0800210a   0x0800210a   0x000000cc   Code   RO         4022    i.HAL_TIM_PWM_ConfigChannel  stm32f4xx_hal_tim.o
    0x080021d6   0x080021d6   0x0000005a   Code   RO         4025    i.HAL_TIM_PWM_Init  stm32f4xx_hal_tim.o
    0x08002230   0x08002230   0x00000040   Code   RO          479    i.HAL_TIM_PWM_MspInit  tim.o
    0x08002270   0x08002270   0x00000002   Code   RO         4028    i.HAL_TIM_PWM_PulseFinishedCallback  stm32f4xx_hal_tim.o
    0x08002272   0x08002272   0x00000002   PAD
    0x08002274   0x08002274   0x000000c8   Code   RO         4030    i.HAL_TIM_PWM_Start  stm32f4xx_hal_tim.o
    0x0800233c   0x0800233c   0x00000014   Code   RO           14    i.HAL_TIM_PeriodElapsedCallback  main.o
    0x08002350   0x08002350   0x00000002   Code   RO         4041    i.HAL_TIM_TriggerCallback  stm32f4xx_hal_tim.o
    0x08002352   0x08002352   0x00000056   Code   RO         4931    i.HAL_UARTEx_ReceiveToIdle_IT  stm32f4xx_hal_uart.o
    0x080023a8   0x080023a8   0x000000bc   Code   RO         2243    i.HAL_UARTEx_RxEventCallback  drv_uart.o
    0x08002464   0x08002464   0x00000002   Code   RO         4946    i.HAL_UART_ErrorCallback  stm32f4xx_hal_uart.o
    0x08002466   0x08002466   0x00000002   PAD
    0x08002468   0x08002468   0x00000268   Code   RO         4949    i.HAL_UART_IRQHandler  stm32f4xx_hal_uart.o
    0x080026d0   0x080026d0   0x00000062   Code   RO         4950    i.HAL_UART_Init     stm32f4xx_hal_uart.o
    0x08002732   0x08002732   0x00000002   PAD
    0x08002734   0x08002734   0x00000188   Code   RO          532    i.HAL_UART_MspInit  usart.o
    0x080028bc   0x080028bc   0x00000002   Code   RO         4956    i.HAL_UART_RxCpltCallback  stm32f4xx_hal_uart.o
    0x080028be   0x080028be   0x0000003e   Code   RO         4960    i.HAL_UART_Transmit_IT  stm32f4xx_hal_uart.o
    0x080028fc   0x080028fc   0x00000002   Code   RO         4961    i.HAL_UART_TxCpltCallback  stm32f4xx_hal_uart.o
    0x080028fe   0x080028fe   0x00000002   Code   RO          590    i.HardFault_Handler  stm32f4xx_it.o
    0x08002900   0x08002900   0x00000040   Code   RO          403    i.MX_CAN1_Init      can.o
    0x08002940   0x08002940   0x00000040   Code   RO          404    i.MX_CAN2_Init      can.o
    0x08002980   0x08002980   0x0000002c   Code   RO          450    i.MX_DMA_Init       dma.o
    0x080029ac   0x080029ac   0x00000110   Code   RO          281    i.MX_GPIO_Init      gpio.o
    0x08002abc   0x08002abc   0x000000a4   Code   RO          480    i.MX_TIM1_Init      tim.o
    0x08002b60   0x08002b60   0x000000b0   Code   RO          481    i.MX_TIM8_Init      tim.o
    0x08002c10   0x08002c10   0x00000038   Code   RO          533    i.MX_USART1_UART_Init  usart.o
    0x08002c48   0x08002c48   0x00000044   Code   RO          534    i.MX_USART3_UART_Init  usart.o
    0x08002c8c   0x08002c8c   0x00000038   Code   RO          535    i.MX_USART6_UART_Init  usart.o
    0x08002cc4   0x08002cc4   0x00000002   Code   RO          591    i.MemManage_Handler  stm32f4xx_it.o
    0x08002cc6   0x08002cc6   0x00000002   Code   RO          592    i.NMI_Handler       stm32f4xx_it.o
    0x08002cc8   0x08002cc8   0x00000024   Code   RO         2029    i.RecId_find        app_pid.o
    0x08002cec   0x08002cec   0x0000002c   Code   RO         1782    i.SysTick_Handler   port.o
    0x08002d18   0x08002d18   0x00000094   Code   RO           15    i.SystemClock_Config  main.o
    0x08002dac   0x08002dac   0x00000010   Code   RO         5279    i.SystemInit        system_stm32f4xx.o
    0x08002dbc   0x08002dbc   0x0000000c   Code   RO          593    i.TIM6_DAC_IRQHandler  stm32f4xx_it.o
    0x08002dc8   0x08002dc8   0x000000c8   Code   RO         4043    i.TIM_Base_SetConfig  stm32f4xx_hal_tim.o
    0x08002e90   0x08002e90   0x0000001a   Code   RO         4044    i.TIM_CCxChannelCmd  stm32f4xx_hal_tim.o
    0x08002eaa   0x08002eaa   0x00000002   PAD
    0x08002eac   0x08002eac   0x00000060   Code   RO         4056    i.TIM_OC1_SetConfig  stm32f4xx_hal_tim.o
    0x08002f0c   0x08002f0c   0x0000006c   Code   RO         4057    i.TIM_OC2_SetConfig  stm32f4xx_hal_tim.o
    0x08002f78   0x08002f78   0x00000068   Code   RO         4058    i.TIM_OC3_SetConfig  stm32f4xx_hal_tim.o
    0x08002fe0   0x08002fe0   0x00000050   Code   RO         4059    i.TIM_OC4_SetConfig  stm32f4xx_hal_tim.o
    0x08003030   0x08003030   0x00000010   Code   RO         4963    i.UART_DMAAbortOnError  stm32f4xx_hal_uart.o
    0x08003040   0x08003040   0x0000004e   Code   RO         4973    i.UART_EndRxTransfer  stm32f4xx_hal_uart.o
    0x0800308e   0x0800308e   0x000000c0   Code   RO         4975    i.UART_Receive_IT   stm32f4xx_hal_uart.o
    0x0800314e   0x0800314e   0x00000002   PAD
    0x08003150   0x08003150   0x0000010c   Code   RO         4976    i.UART_SetConfig    stm32f4xx_hal_uart.o
    0x0800325c   0x0800325c   0x00000036   Code   RO         4978    i.UART_Start_Receive_IT  stm32f4xx_hal_uart.o
    0x08003292   0x08003292   0x00000002   PAD
    0x08003294   0x08003294   0x0000000c   Code   RO          594    i.USART1_IRQHandler  stm32f4xx_it.o
    0x080032a0   0x080032a0   0x0000000c   Code   RO          595    i.USART3_IRQHandler  stm32f4xx_it.o
    0x080032ac   0x080032ac   0x0000000c   Code   RO          596    i.USART6_IRQHandler  stm32f4xx_it.o
    0x080032b8   0x080032b8   0x00000002   Code   RO          597    i.UsageFault_Handler  stm32f4xx_it.o
    0x080032ba   0x080032ba   0x00000002   PAD
    0x080032bc   0x080032bc   0x00000058   Code   RO         2162    i.__0x1FF_Encode    drv_can.o
    0x08003314   0x08003314   0x00000058   Code   RO         2163    i.__0x200_Encode    drv_can.o
    0x0800336c   0x0800336c   0x00000020   Code   RO         3573    i.__NVIC_SetPriority  stm32f4xx_hal_cortex.o
    0x0800338c   0x0800338c   0x0000000e   Code   RO         5386    i.__scatterload_copy  mc_w.l(handlers.o)
    0x0800339a   0x0800339a   0x00000002   Code   RO         5387    i.__scatterload_null  mc_w.l(handlers.o)
    0x0800339c   0x0800339c   0x0000000e   Code   RO         5388    i.__scatterload_zeroinit  mc_w.l(handlers.o)
    0x080033aa   0x080033aa   0x00000002   PAD
    0x080033ac   0x080033ac   0x000001f8   Code   RO         2031    i.absolute_angle_cascade_calculation  app_pid.o
    0x080035a4   0x080035a4   0x00000024   Code   RO         1916    i.absolute_angle_remainder  app_motor.o
    0x080035c8   0x080035c8   0x00000038   Code   RO         1917    i.add_motor         app_motor.o
    0x08003600   0x08003600   0x00000050   Code   RO         1991    i.angle_change_clac  app_can.o
    0x08003650   0x08003650   0x0000001e   Code   RO         2371    i.append_accumulation_check_sum  system.o
    0x0800366e   0x0800366e   0x00000002   PAD
    0x08003670   0x08003670   0x00000074   Code   RO         2164    i.can_manage_init   drv_can.o
    0x080036e4   0x080036e4   0x000000c8   Code   RO         1992    i.can_task          app_can.o
    0x080037ac   0x080037ac   0x00000058   Code   RO         2472    i.communication_receive_task  app_communication.o
    0x08003804   0x08003804   0x000000ac   Code   RO         2473    i.communication_send_task  app_communication.o
    0x080038b0   0x080038b0   0x00000014   Code   RO         2032    i.cumulative_limit_int16_t  app_pid.o
    0x080038c4   0x080038c4   0x00000050   Code   RO         2441    i.freertos_init     freertos_about.o
    0x08003914   0x08003914   0x00000684   Code   RO         2286    i.gimbal_task       gimbal.o
    0x08003f98   0x08003f98   0x00000094   Code   RO         2216    i.led_task          drv_led.o
    0x0800402c   0x0800402c   0x00000012   Code   RO         2034    i.limit_int16_t     app_pid.o
    0x0800403e   0x0800403e   0x00000002   PAD
    0x08004040   0x08004040   0x000001f0   Code   RO           16    i.main              main.o
    0x08004230   0x08004230   0x00000024   Code   RO         1919    i.motor_angle_sum_clear  app_motor.o
    0x08004254   0x08004254   0x000000b0   Code   RO         2165    i.motor_control_send  drv_can.o
    0x08004304   0x08004304   0x00000016   Code   RO         2035    i.output_limit      app_pid.o
    0x0800431a   0x0800431a   0x00000002   PAD
    0x0800431c   0x0800431c   0x00000088   Code   RO         1283    i.prvAddCurrentTaskToDelayedList  tasks.o
    0x080043a4   0x080043a4   0x000000f0   Code   RO         1284    i.prvAddNewTaskToReadyList  tasks.o
    0x08004494   0x08004494   0x00000050   Code   RO         1631    i.prvCheckForValidListAndQueue  timers.o
    0x080044e4   0x080044e4   0x00000026   Code   RO          926    i.prvCopyDataFromQueue  queue.o
    0x0800450a   0x0800450a   0x0000006c   Code   RO          927    i.prvCopyDataToQueue  queue.o
    0x08004576   0x08004576   0x00000014   Code   RO         1285    i.prvDeleteTCB      tasks.o
    0x0800458a   0x0800458a   0x00000002   PAD
    0x0800458c   0x0800458c   0x0000004c   Code   RO         1858    i.prvHeapInit       heap_4.o
    0x080045d8   0x080045d8   0x00000060   Code   RO         1286    i.prvIdleTask       tasks.o
    0x08004638   0x08004638   0x000000be   Code   RO         1287    i.prvInitialiseNewTask  tasks.o
    0x080046f6   0x080046f6   0x00000002   PAD
    0x080046f8   0x080046f8   0x0000004c   Code   RO         1859    i.prvInsertBlockIntoFreeList  heap_4.o
    0x08004744   0x08004744   0x00000038   Code   RO         1632    i.prvInsertTimerInActiveList  timers.o
    0x0800477c   0x0800477c   0x0000001c   Code   RO          928    i.prvIsQueueEmpty   queue.o
    0x08004798   0x08004798   0x00000040   Code   RO         1633    i.prvProcessExpiredTimer  timers.o
    0x080047d8   0x080047d8   0x000000e4   Code   RO         1634    i.prvProcessReceivedCommands  timers.o
    0x080048bc   0x080048bc   0x0000006c   Code   RO         1635    i.prvProcessTimerOrBlockTask  timers.o
    0x08004928   0x08004928   0x00000028   Code   RO         1636    i.prvReloadTimer    timers.o
    0x08004950   0x08004950   0x0000001c   Code   RO         1289    i.prvResetNextTaskUnblockTime  tasks.o
    0x0800496c   0x0800496c   0x00000048   Code   RO         1637    i.prvSampleTimeNow  timers.o
    0x080049b4   0x080049b4   0x00000028   Code   RO         1783    i.prvTaskExitError  port.o
    0x080049dc   0x080049dc   0x00000024   Code   RO         1638    i.prvTimerTask      timers.o
    0x08004a00   0x08004a00   0x0000006a   Code   RO          929    i.prvUnlockQueue    queue.o
    0x08004a6a   0x08004a6a   0x00000002   PAD
    0x08004a6c   0x08004a6c   0x000000e8   Code   RO         1860    i.pvPortMalloc      heap_4.o
    0x08004b54   0x08004b54   0x00000018   Code   RO         1291    i.pvTaskIncrementMutexHeldCount  tasks.o
    0x08004b6c   0x08004b6c   0x0000002c   Code   RO         1784    i.pxPortInitialiseStack  port.o
    0x08004b98   0x08004b98   0x000000d4   Code   RO         2372    i.real_time_monitoring_task  system.o
    0x08004c6c   0x08004c6c   0x00000074   Code   RO         1920    i.release_structure_memory  app_motor.o
    0x08004ce0   0x08004ce0   0x00000094   Code   RO         2118    i.remote_task       app_remote.o
    0x08004d74   0x08004d74   0x00000190   Code   RO         1921    i.request_structure_memory  app_motor.o
    0x08004f04   0x08004f04   0x000000e0   Code   RO         2038    i.rotating_speed_calculation  app_pid.o
    0x08004fe4   0x08004fe4   0x0000001a   Code   RO         2373    i.summation         system.o
    0x08004ffe   0x08004ffe   0x00000002   PAD
    0x08005000   0x08005000   0x0000006c   Code   RO         2374    i.system_init       system.o
    0x0800506c   0x0800506c   0x00000048   Code   RO         2244    i.uart_manage_init  drv_uart.o
    0x080050b4   0x080050b4   0x0000001e   Code   RO         2245    i.uart_msg_send     drv_uart.o
    0x080050d2   0x080050d2   0x00000026   Code   RO          886    i.uxListRemove      list.o
    0x080050f8   0x080050f8   0x00000016   Code   RO          887    i.vListInitialise   list.o
    0x0800510e   0x0800510e   0x00000006   Code   RO          888    i.vListInitialiseItem  list.o
    0x08005114   0x08005114   0x00000030   Code   RO          889    i.vListInsert       list.o
    0x08005144   0x08005144   0x00000040   Code   RO         1786    i.vPortEnterCritical  port.o
    0x08005184   0x08005184   0x00000028   Code   RO         1787    i.vPortExitCritical  port.o
    0x080051ac   0x080051ac   0x00000064   Code   RO         1861    i.vPortFree         heap_4.o
    0x08005210   0x08005210   0x00000024   Code   RO         1788    i.vPortSetupTimerInterrupt  port.o
    0x08005234   0x08005234   0x00000054   Code   RO         1789    i.vPortValidateInterruptPriority  port.o
    0x08005288   0x08005288   0x00000050   Code   RO          935    i.vQueueAddToRegistry  queue.o
    0x080052d8   0x080052d8   0x00000044   Code   RO          939    i.vQueueWaitForMessageRestricted  queue.o
    0x0800531c   0x0800531c   0x0000000c   Code   RO         2287    i.vResetTimerCallback  gimbal.o
    0x08005328   0x08005328   0x00000030   Code   RO         2375    i.vStartTimerCallback  system.o
    0x08005358   0x08005358   0x0000004c   Code   RO         1300    i.vTaskDelay        tasks.o
    0x080053a4   0x080053a4   0x00000010   Code   RO         1305    i.vTaskInternalSetTimeOutState  tasks.o
    0x080053b4   0x080053b4   0x0000000c   Code   RO         1306    i.vTaskMissedYield  tasks.o
    0x080053c0   0x080053c0   0x00000030   Code   RO         1307    i.vTaskPlaceOnEventList  tasks.o
    0x080053f0   0x080053f0   0x00000050   Code   RO         1308    i.vTaskPlaceOnEventListRestricted  tasks.o
    0x08005440   0x08005440   0x000000c4   Code   RO         1310    i.vTaskPriorityDisinheritAfterTimeout  tasks.o
    0x08005504   0x08005504   0x00000070   Code   RO         1316    i.vTaskStartScheduler  tasks.o
    0x08005574   0x08005574   0x00000010   Code   RO         1318    i.vTaskSuspendAll   tasks.o
    0x08005584   0x08005584   0x0000005c   Code   RO         1319    i.vTaskSwitchContext  tasks.o
    0x080055e0   0x080055e0   0x00000026   Code   RO         2376    i.verify_accumulation_check_sum  system.o
    0x08005606   0x08005606   0x00000002   PAD
    0x08005608   0x08005608   0x00000240   Code   RO         2542    i.vision_recive_task  app_vision.o
    0x08005848   0x08005848   0x00000070   Code   RO         2543    i.vision_send_task  app_vision.o
    0x080058b8   0x080058b8   0x000000f4   Code   RO         1790    i.xPortStartScheduler  port.o
    0x080059ac   0x080059ac   0x00000024   Code   RO          941    i.xQueueCreateMutex  queue.o
    0x080059d0   0x080059d0   0x0000005e   Code   RO          942    i.xQueueGenericCreate  queue.o
    0x08005a2e   0x08005a2e   0x00000002   PAD
    0x08005a30   0x08005a30   0x000000b0   Code   RO          943    i.xQueueGenericReset  queue.o
    0x08005ae0   0x08005ae0   0x00000160   Code   RO          944    i.xQueueGenericSend  queue.o
    0x08005c40   0x08005c40   0x000000d2   Code   RO          945    i.xQueueGenericSendFromISR  queue.o
    0x08005d12   0x08005d12   0x00000002   PAD
    0x08005d14   0x08005d14   0x00000138   Code   RO          952    i.xQueueReceive     queue.o
    0x08005e4c   0x08005e4c   0x00000178   Code   RO          954    i.xQueueSemaphoreTake  queue.o
    0x08005fc4   0x08005fc4   0x0000007c   Code   RO         1321    i.xTaskCheckForTimeOut  tasks.o
    0x08006040   0x08006040   0x00000056   Code   RO         1322    i.xTaskCreate       tasks.o
    0x08006096   0x08006096   0x00000002   PAD
    0x08006098   0x08006098   0x00000094   Code   RO         1323    i.xTaskDelayUntil   tasks.o
    0x0800612c   0x0800612c   0x0000001c   Code   RO         1329    i.xTaskGetSchedulerState  tasks.o
    0x08006148   0x08006148   0x0000000c   Code   RO         1330    i.xTaskGetTickCount  tasks.o
    0x08006154   0x08006154   0x00000138   Code   RO         1332    i.xTaskIncrementTick  tasks.o
    0x0800628c   0x0800628c   0x000000b8   Code   RO         1333    i.xTaskPriorityDisinherit  tasks.o
    0x08006344   0x08006344   0x000000b0   Code   RO         1334    i.xTaskPriorityInherit  tasks.o
    0x080063f4   0x080063f4   0x000000dc   Code   RO         1335    i.xTaskRemoveFromEventList  tasks.o
    0x080064d0   0x080064d0   0x0000012c   Code   RO         1336    i.xTaskResumeAll    tasks.o
    0x080065fc   0x080065fc   0x00000062   Code   RO         1645    i.xTimerCreate      timers.o
    0x0800665e   0x0800665e   0x00000002   PAD
    0x08006660   0x08006660   0x0000004c   Code   RO         1646    i.xTimerCreateTimerTask  timers.o
    0x080066ac   0x080066ac   0x00000060   Code   RO         1647    i.xTimerGenericCommand  timers.o
    0x0800670c   0x0800670c   0x00000008   Data   RO         3290    .constdata          stm32f4xx_hal_dma.o
    0x08006714   0x08006714   0x00000010   Data   RO         5280    .constdata          system_stm32f4xx.o
    0x08006724   0x08006724   0x00000008   Data   RO         5281    .constdata          system_stm32f4xx.o
    0x0800672c   0x0800672c   0x00000030   Data   RO         5384    Region$$Table       anon$$obj.o


    Execution Region RW_IRAM2 (Exec base: 0x10000000, Load base: 0x0800675c, Size: 0x00000b08, Max: 0x00010000, ABSOLUTE, COMPRESSED[0x00000084])

    Exec Addr    Load Addr    Size         Type   Attr      Idx    E Section Name        Object

    0x10000000   COMPRESSED   0x00000004   Data   RW          406    .data               can.o
    0x10000004   COMPRESSED   0x00000040   Data   RW         1339    .data               tasks.o
    0x10000044   COMPRESSED   0x00000014   Data   RW         1653    .data               timers.o
    0x10000058   COMPRESSED   0x0000000c   Data   RW         1791    .data               port.o
    0x10000064   COMPRESSED   0x00000020   Data   RW         1867    .data               heap_4.o
    0x10000084   COMPRESSED   0x00000008   Data   RW         1923    .data               app_motor.o
    0x1000008c   COMPRESSED   0x00000008   Data   RW         1993    .data               app_can.o
    0x10000094   COMPRESSED   0x00000010   Data   RW         2166    .data               drv_can.o
    0x100000a4   COMPRESSED   0x000000dc   Data   RW         2288    .data               gimbal.o
    0x10000180   COMPRESSED   0x00000002   Data   RW         2342    .data               referee_system.o
    0x10000182   COMPRESSED   0x00000002   PAD
    0x10000184   COMPRESSED   0x00000015   Data   RW         2377    .data               system.o
    0x10000199   COMPRESSED   0x00000001   Data   RW         2386    .data               system.o
    0x1000019a   COMPRESSED   0x00000002   PAD
    0x1000019c   COMPRESSED   0x00000018   Data   RW         2442    .data               freertos_about.o
    0x100001b4   COMPRESSED   0x00000008   Data   RW         2476    .data               app_communication.o
    0x100001bc   COMPRESSED   0x0000000c   Data   RW         2513    .data               app_ch110.o
    0x100001c8   COMPRESSED   0x00000001   Data   RW         2545    .data               app_vision.o
    0x100001c9   COMPRESSED   0x00000003   PAD
    0x100001cc   COMPRESSED   0x00000028   Data   RW         2546    .data               app_vision.o
    0x100001f4   COMPRESSED   0x00000001   Data   RW         2548    .data               app_vision.o
    0x100001f5   COMPRESSED   0x00000003   PAD
    0x100001f8   COMPRESSED   0x0000000c   Data   RW         3717    .data               stm32f4xx_hal.o
    0x10000204   COMPRESSED   0x00000004   Data   RW         5282    .data               system_stm32f4xx.o
    0x10000208        -       0x00000050   Zero   RW          405    .bss                can.o
    0x10000258        -       0x00000090   Zero   RW          482    .bss                tim.o
    0x100002e8        -       0x0000012c   Zero   RW          536    .bss                usart.o
    0x10000414        -       0x00000048   Zero   RW          712    .bss                stm32f4xx_hal_timebase_tim.o
    0x1000045c        -       0x00000040   Zero   RW          956    .bss                queue.o
    0x1000049c        -       0x000000f0   Zero   RW         1338    .bss                tasks.o
    0x1000058c        -       0x00000028   Zero   RW         1652    .bss                timers.o
    0x100005b4        -       0x000000a0   Zero   RW         1922    .bss                app_motor.o
    0x10000654        -       0x00000014   Zero   RW         2120    .bss                app_remote.o
    0x10000668        -       0x00000038   Zero   RW         2246    .bss                drv_uart.o
    0x100006a0        -       0x0000001c   Zero   RW         2474    .bss                app_communication.o
    0x100006bc        -       0x00000014   Zero   RW         2512    .bss                app_ch110.o
    0x100006d0        -       0x00000031   Zero   RW         2544    .bss                app_vision.o
    0x10000701   COMPRESSED   0x00000007   PAD
    0x10000708        -       0x00000400   Zero   RW            1    STACK               startup_stm32f407xx.o


    Execution Region RW_IRAM1 (Exec base: 0x20000000, Load base: 0x0800675c, Size: 0x00012c00, Max: 0x00020000, ABSOLUTE)

    Exec Addr    Load Addr    Size         Type   Attr      Idx    E Section Name        Object

    0x20000000        -       0x00012c00   Zero   RW         1866    .bss                heap_4.o


==============================================================================

Image component sizes


      Code (inc. data)   RO Data    RW Data    ZI Data      Debug   Object Name

       280         18          0          8          0       1830   app_can.o
       468         24          0         12         20       2637   app_ch110.o
       260         34          0          8         28       2519   app_communication.o
       644         52          0          8        160       7950   app_motor.o
      1272         40          0          0          0       8087   app_pid.o
       148         10          0          0         20       1900   app_remote.o
       688         46          0         42         49       3813   app_vision.o
       380         42          0          4         80       2854   can.o
         0          0          0          0          0       8352   croutine.o
        44          4          0          0          0        926   dma.o
       812         66          0         16          0       5038   drv_can.o
       148         20          0          0          0       1099   drv_led.o
       290         60          0          0         56       3148   drv_uart.o
         0          0          0          0          0      14872   event_groups.o
        80          6          0         24          0       1156   freertos_about.o
      1680        132          0        220          0       5804   gimbal.o
       272         16          0          0          0     697743   gpio.o
       484         24          0         32      76800       4899   heap_4.o
       114          0          0          0          0       3033   list.o
       668        188          0          0          0     712052   main.o
       786         82          0         12          0      12081   port.o
      1984         24          0          0         64      19524   queue.o
         0          0          0          2          0        690   referee_system.o
        36          8        392          0       1024        912   startup_stm32f407xx.o
        80         14          0         12          0       8538   stm32f4xx_hal.o
      1702          6          0          0          0      16601   stm32f4xx_hal_can.o
       158         14          0          0          0      33538   stm32f4xx_hal_cortex.o
       934         16          8          0          0       6143   stm32f4xx_hal_dma.o
       522         46          0          0          0       3141   stm32f4xx_hal_gpio.o
        56          4          0          0          0       1018   stm32f4xx_hal_msp.o
      1412         86          0          0          0       6429   stm32f4xx_hal_rcc.o
      1694        136          0          0          0      14903   stm32f4xx_hal_tim.o
       232         28          0          0          0       3653   stm32f4xx_hal_tim_ex.o
       116         16          0          0         72       1647   stm32f4xx_hal_timebase_tim.o
      1476         16          0          0          0      11148   stm32f4xx_hal_uart.o
        96         42          0          0          0       7069   stm32f4xx_it.o
       462         66          0         22          0       6455   system.o
        16          4         24          4          0       1355   system_stm32f4xx.o
      2972        192          0         64        240      32797   tasks.o
       536         50          0          0        144       3660   tim.o
       954         86          0         20         40      28618   timers.o
       572         72          0          0        300       3731   usart.o

    ----------------------------------------------------------------------
     25578       1790        472        520      79104    1713363   Object Totals
         0          0         48          0          0          0   (incl. Generated)
        50          0          0         10          7          0   (incl. Padding)

    ----------------------------------------------------------------------

      Code (inc. data)   RO Data    RW Data    ZI Data      Debug   Library Member Name

        86          0          0          0          0          0   __dczerorl2.o
         0          0          0          0          0          0   entry.o
         0          0          0          0          0          0   entry10a.o
         0          0          0          0          0          0   entry11a.o
         4          0          0          0          0          0   entry12b.o
         8          4          0          0          0          0   entry2.o
         4          0          0          0          0          0   entry5.o
         0          0          0          0          0          0   entry7b.o
         0          0          0          0          0          0   entry8b.o
         8          4          0          0          0          0   entry9a.o
        30          0          0          0          0          0   handlers.o
        36          8          0          0          0         68   init.o
        30          0          0          0          0         68   llshl.o
        32          0          0          0          0         68   llushr.o
        36          0          0          0          0         68   memcpya.o
        36          0          0          0          0        108   memseta.o
        98          0          0          0          0         92   uldiv.o

    ----------------------------------------------------------------------
       410         16          0          0          0        472   Library Totals
         2          0          0          0          0          0   (incl. Padding)

    ----------------------------------------------------------------------

      Code (inc. data)   RO Data    RW Data    ZI Data      Debug   Library Name

       408         16          0          0          0        472   mc_w.l

    ----------------------------------------------------------------------
       410         16          0          0          0        472   Library Totals

    ----------------------------------------------------------------------

==============================================================================


      Code (inc. data)   RO Data    RW Data    ZI Data      Debug   

     25988       1806        472        520      79104    1693363   Grand Totals
     25988       1806        472        132      79104    1693363   ELF Image Totals (compressed)
     25988       1806        472        132          0          0   ROM Totals

==============================================================================

    Total RO  Size (Code + RO Data)                26460 (  25.84kB)
    Total RW  Size (RW Data + ZI Data)             79624 (  77.76kB)
    Total ROM Size (Code + RO Data + RW Data)      26592 (  25.97kB)

==============================================================================

